{"logTime": "0530/083222", "correlationVector":"cAGwTgZNFdkLG90JrKdOhE","action":"Commit Request", "result":"", "context":Item count: 12
Contributing types: Preferences, Passwords}
{"logTime": "0530/083223", "correlationVector":"cAGwTgZNFdkLG90JrKdOhE.1","action":"SyncServerConnectionManagerRequest", "result":"SYNC_SERVER_OK", "context":{"environment":"Prod_southindia_prod-s01-004-apac-southindia", "migrationStage":"NotStarted", "server":"akswtt105000027"}}
{"logTime": "0530/083223", "correlationVector":"cAGwTgZNFdkLG90JrKdOhE.2","action":"Commit Response", "result":"Success", "context":Result: Success. cV=cAGwTgZNFdkLG90JrKdOhE.0;server=akswtt105000027;cloudType=Consumer;environment=Prod_southindia_prod-s01-004-apac-southindia;migrationStage=NotStarted}
{"logTime": "0530/083324", "correlationVector":"2+7i9ubAgksPhsbRFBI7lp","action":"Commit Request", "result":"", "context":Item count: 3
Contributing types: Sessions, History}
{"logTime": "0530/083325", "correlationVector":"2+7i9ubAgksPhsbRFBI7lp.1","action":"SyncServerConnectionManagerRequest", "result":"SYNC_SERVER_OK", "context":{"environment":"Prod_southindia_prod-s01-004-apac-southindia", "migrationStage":"NotStarted", "server":"akswtt105000027"}}
{"logTime": "0530/083325", "correlationVector":"2+7i9ubAgksPhsbRFBI7lp.3","action":"Commit.Sessions", "result":"Success", "context":{"id":"8baed13a-0214-4c4c-ae99-17184e385394", "isDeleted":"true", "size":"0", "version":"1780129940309"}}
{"logTime": "0530/083325", "correlationVector":"2+7i9ubAgksPhsbRFBI7lp.2","action":"Commit Response", "result":"Success", "context":Result: Success. cV=2+7i9ubAgksPhsbRFBI7lp.0;server=akswtt105000027;cloudType=Consumer;environment=Prod_southindia_prod-s01-004-apac-southindia;migrationStage=NotStarted}
{"logTime": "0530/084459", "correlationVector":"pp6Izyxd99EQMpkw9DwruI","action":"Commit Request", "result":"", "context":Item count: 3
Contributing types: Sessions, History}
{"logTime": "0530/084500", "correlationVector":"pp6Izyxd99EQMpkw9DwruI.1","action":"SyncServerConnectionManagerRequest", "result":"SYNC_SERVER_OK", "context":{"environment":"Prod_southindia_prod-s01-004-apac-southindia", "migrationStage":"NotStarted", "server":"akswtt105000031"}}
{"logTime": "0530/084500", "correlationVector":"pp6Izyxd99EQMpkw9DwruI.2","action":"Commit Response", "result":"Success", "context":Result: Success. cV=pp6Izyxd99EQMpkw9DwruI.0;server=akswtt105000031;cloudType=Consumer;environment=Prod_southindia_prod-s01-004-apac-southindia;migrationStage=NotStarted}
{"logTime": "0530/084753", "correlationVector":"f7wQgeT6dwOCaneNNBGFaN","action":"Commit Request", "result":"", "context":Item count: 4
Contributing types: Sessions, History}
{"logTime": "0530/084754", "correlationVector":"f7wQgeT6dwOCaneNNBGFaN.1","action":"SyncServerConnectionManagerRequest", "result":"SYNC_SERVER_OK", "context":{"environment":"Prod_southindia_prod-s01-004-apac-southindia", "migrationStage":"NotStarted", "server":"akswtt10500000u"}}
{"logTime": "0530/084754", "correlationVector":"f7wQgeT6dwOCaneNNBGFaN.2","action":"Commit Response", "result":"Success", "context":Result: Success. cV=f7wQgeT6dwOCaneNNBGFaN.0;server=akswtt10500000u;cloudType=Consumer;environment=Prod_southindia_prod-s01-004-apac-southindia;migrationStage=NotStarted}
{"logTime": "0530/091127", "correlationVector":"0LNS0pjagD+/2q3pTRkCxO","action":"Commit Request", "result":"", "context":Item count: 5
Contributing types: Sessions, History}
{"logTime": "0530/091128", "correlationVector":"0LNS0pjagD+/2q3pTRkCxO.1","action":"SyncServerConnectionManagerRequest", "result":"SYNC_SERVER_OK", "context":{"environment":"Prod_southindia_prod-s01-004-apac-southindia", "migrationStage":"NotStarted", "server":"akswtt10500000q"}}
{"logTime": "0530/091128", "correlationVector":"0LNS0pjagD+/2q3pTRkCxO.2","action":"Commit Response", "result":"Success", "context":Result: Success. cV=0LNS0pjagD+/2q3pTRkCxO.0;server=akswtt10500000q;cloudType=Consumer;environment=Prod_southindia_prod-s01-004-apac-southindia;migrationStage=NotStarted}
{"logTime": "0530/092317", "correlationVector":"Azohh1sM89iSld+dtD6/SM","action":"Commit Request", "result":"", "context":Item count: 1
Contributing types: Sessions}
{"logTime": "0530/092319", "correlationVector":"Azohh1sM89iSld+dtD6/SM.1","action":"SyncServerConnectionManagerRequest", "result":"SYNC_SERVER_OK", "context":{"environment":"Prod_southindia_prod-s01-004-apac-southindia", "migrationStage":"NotStarted", "server":"akswtt105000029"}}
{"logTime": "0530/092319", "correlationVector":"Azohh1sM89iSld+dtD6/SM.2","action":"Commit Response", "result":"Success", "context":Result: Success. cV=Azohh1sM89iSld+dtD6/SM.0;server=akswtt105000029;cloudType=Consumer;environment=Prod_southindia_prod-s01-004-apac-southindia;migrationStage=NotStarted}
{"logTime": "0530/093405", "correlationVector":"OUGMNZCymXctusiHMyJPc4","action":"Commit Request", "result":"", "context":Item count: 1
Contributing types: Sessions}
{"logTime": "0530/093405", "correlationVector":"OUGMNZCymXctusiHMyJPc4.1","action":"SyncServerConnectionManagerRequest", "result":"SYNC_SERVER_OK", "context":{"environment":"Prod_southindia_prod-s01-004-apac-southindia", "migrationStage":"NotStarted", "server":"akswtt10500002v"}}
{"logTime": "0530/093405", "correlationVector":"OUGMNZCymXctusiHMyJPc4.2","action":"Commit Response", "result":"Success", "context":Result: Success. cV=OUGMNZCymXctusiHMyJPc4.0;server=akswtt10500002v;cloudType=Consumer;environment=Prod_southindia_prod-s01-004-apac-southindia;migrationStage=NotStarted}
{"logTime": "0530/095940", "correlationVector":"BPcbp0md6jqw37EsAXf1Gf.1","action":"SyncServerConnectionManagerRequest", "result":"SYNC_SERVER_OK", "context":{"environment":"Prod_southindia_prod-s01-004-apac-southindia", "migrationStage":"NotStarted", "server":"akswtt10500001r"}}
{"logTime": "0530/095940", "correlationVector":"BPcbp0md6jqw37EsAXf1Gf.2","action":"ProcessGetUpdates", "result":"Done", "context":{"dataType":"Encryption Keys", "deleted":"0", "process_failed_to_decrypt":"0", "process_pending_decryption":"0", "process_success":"1", "total":"1"}}
{"logTime": "0530/095941", "correlationVector":"0YVbSTG94De3D1PIzj5aFs","action":"SyncServerConnectionManagerRequest", "result":"SYNC_SERVER_OK", "context":{"environment":"", "migrationStage":"", "server":""}}
{"logTime": "0530/095941", "correlationVector":"0YVbSTG94De3D1PIzj5aFs.0","action":"EncryptionKeysFetcher.DownloadKeys:", "result":"Success", "context":Key count: 7, Last key timestamp: 2026-01-02T16:11:34Z}
{"logTime": "0530/095941", "correlationVector":"0YVbSTG94De3D1PIzj5aFs.1","action":"EncryptionKeysManager::SetEncryptionKeys:", "result":"Success", "context":Key names[7]:[SqHSnXUHXb6saCyw1QjYAeYpzvRJ/J0vygKkwZIN4CCgcTXfVW2yb1XwK6Y8WAHDMyHgF42VMmXyRIkV0jpcgA==][QrLloh4YHUg+S5KXyAtOPYRumiFqUiKisHm17Swl/HMYwT2ryzLT+G7YVPRYnEE3hOJ2IEqInzSlFij5EFUWMQ==][gQqTSZ4jjL3IIyTRaad0XcJCjlBuFm64+xSdIrolQeKWIPiO66sW2ee7oMdiCmxON3xDXmVD5cEgazuO1RCfBA==][wSYRKiY3Gy+HLWoihSysn2YFiWFoJSuu2TLhmzFIZCi/KVDg8CmiIxvafj97eZweGPGWm0pwaWHXoqq6svSH3Q==][JTZc1fAMfMMVYWKTQXUWd/FOAdw4rDFeL+C4XMnbKBXYQI2I918iyDPXPIetjPFRIRzhgXJafZcHiZUfDh2+xA==][peosBfaJBAE0qmBaRrWo6Vs3AcBZDwQpTxk+UNLsKcDbA5Jo5XRTyx3DfZpSbA0WmaXVFUAalrlN6B1wIHtm8Q==][AYovSn7TCjvk+KB7zJuHMmWkTxa7nN6cyJtH7iI5Hpel2Kbt+sZOWNY4lTmnKu1BXHdMOVozXvEHjoqb2yjDNg==]}
{"logTime": "0530/095941", "correlationVector":"0YVbSTG94De3D1PIzj5aFs.2","action":"EncryptionKeysManager::SetEncryptionKeysWithTimestamps:", "result":"Success", "context":Key timestamps[7]:[2021-12-13T05:54:17Z][2022-06-16T03:10:48Z][2023-05-21T13:59:12Z][2025-04-09T01:16:54Z][2025-10-09T09:44:41Z][2025-12-28T02:47:22Z][2026-01-02T16:11:34Z]}
{"logTime": "0530/095941", "correlationVector":"BPcbp0md6jqw37EsAXf1Gf","action":"Initial GetUpdates", "result":"", "context":Reason: NEW_CLIENT. cV=BPcbp0md6jqw37EsAXf1Gf}
{"logTime": "0530/095941", "correlationVector":"BPcbp0md6jqw37EsAXf1Gf.3","action":"GetUpdates Response", "result":"Success", "context":Received 1 update(s). cV=BPcbp0md6jqw37EsAXf1Gf.0;server=akswtt10500001r;cloudType=Consumer;environment=Prod_southindia_prod-s01-004-apac-southindia;migrationStage=NotStarted}
{"logTime": "0530/095941", "correlationVector":"8e20K3lL94PXfU5Mgtq4Uw","action":"Initial GetUpdates", "result":"", "context":Reason: NEWLY_SUPPORTED_DATATYPE. cV=8e20K3lL94PXfU5Mgtq4Uw}
{"logTime": "0530/095942", "correlationVector":"8e20K3lL94PXfU5Mgtq4Uw.1","action":"SyncServerConnectionManagerRequest", "result":"SYNC_SERVER_OK", "context":{"environment":"Prod_southindia_prod-s01-004-apac-southindia", "migrationStage":"NotStarted", "server":"akswtt10500001p"}}
{"logTime": "0530/095942", "correlationVector":"8e20K3lL94PXfU5Mgtq4Uw.2","action":"ProcessGetUpdates", "result":"Done", "context":{"dataType":"Preferences", "deleted":"0", "process_failed_to_decrypt":"0", "process_pending_decryption":"0", "process_success":"65", "total":"65"}}
{"logTime": "0530/095942", "correlationVector":"8e20K3lL94PXfU5Mgtq4Uw.3","action":"ProcessGetUpdates", "result":"Done", "context":{"dataType":"Passwords", "deleted":"0", "process_failed_to_decrypt":"0", "process_pending_decryption":"0", "process_success":"12", "total":"12"}}
{"logTime": "0530/095942", "correlationVector":"8e20K3lL94PXfU5Mgtq4Uw.4","action":"ProcessGetUpdates", "result":"Done", "context":{"dataType":"Device Info", "deleted":"0", "process_failed_to_decrypt":"0", "process_pending_decryption":"0", "process_success":"20", "total":"20"}}
{"logTime": "0530/095942", "correlationVector":"8e20K3lL94PXfU5Mgtq4Uw.5","action":"GetUpdates Response", "result":"Success", "context":Received 97 update(s). cV=8e20K3lL94PXfU5Mgtq4Uw.0;server=akswtt10500001p;cloudType=Consumer;environment=Prod_southindia_prod-s01-004-apac-southindia;migrationStage=NotStarted}
{"logTime": "0530/095942", "correlationVector":"389N9hy4DTJWY6BnSW727q","action":"Initial GetUpdates", "result":"", "context":Reason: NEWLY_SUPPORTED_DATATYPE. cV=389N9hy4DTJWY6BnSW727q}
{"logTime": "0530/095942", "correlationVector":"389N9hy4DTJWY6BnSW727q.1","action":"SyncServerConnectionManagerRequest", "result":"SYNC_SERVER_OK", "context":{"environment":"Prod_southindia_prod-s01-004-apac-southindia", "migrationStage":"NotStarted", "server":"akswtt10500002o"}}
{"logTime": "0530/095942", "correlationVector":"389N9hy4DTJWY6BnSW727q.2","action":"ProcessGetUpdates", "result":"Done", "context":{"dataType":"Bookmarks", "deleted":"0", "process_failed_to_decrypt":"0", "process_pending_decryption":"0", "process_success":"6", "total":"6"}}
{"logTime": "0530/095942", "correlationVector":"389N9hy4DTJWY6BnSW727q.3","action":"GetUpdates Response", "result":"Success", "context":Received 6 update(s). cV=389N9hy4DTJWY6BnSW727q.0;server=akswtt10500002o;cloudType=Consumer;environment=Prod_southindia_prod-s01-004-apac-southindia;migrationStage=NotStarted}
{"logTime": "0530/095942", "correlationVector":"fB/HNQ5l2vBF3aUJ5y9TMM","action":"Initial GetUpdates", "result":"", "context":Reason: NEWLY_SUPPORTED_DATATYPE. cV=fB/HNQ5l2vBF3aUJ5y9TMM}
{"logTime": "0530/095942", "correlationVector":"fB/HNQ5l2vBF3aUJ5y9TMM.1","action":"SyncServerConnectionManagerRequest", "result":"SYNC_SERVER_OK", "context":{"environment":"Prod_southindia_prod-s01-004-apac-southindia", "migrationStage":"NotStarted", "server":"akswtt105000030"}}
{"logTime": "0530/095942", "correlationVector":"fB/HNQ5l2vBF3aUJ5y9TMM.2","action":"ProcessGetUpdates", "result":"Done", "context":{"dataType":"Autofill Profiles", "deleted":"1", "process_failed_to_decrypt":"0", "process_pending_decryption":"0", "process_success":"9", "total":"9"}}
{"logTime": "0530/095942", "correlationVector":"fB/HNQ5l2vBF3aUJ5y9TMM.3","action":"ProcessGetUpdates", "result":"Done", "context":{"dataType":"Autofill", "deleted":"0", "process_failed_to_decrypt":"0", "process_pending_decryption":"0", "process_success":"41", "total":"41"}}
{"logTime": "0530/095942", "correlationVector":"fB/HNQ5l2vBF3aUJ5y9TMM.4","action":"ProcessGetUpdates", "result":"Done", "context":{"dataType":"Sessions", "deleted":"52", "process_failed_to_decrypt":"0", "process_pending_decryption":"0", "process_success":"61", "total":"61"}}
{"logTime": "0530/095942", "correlationVector":"fB/HNQ5l2vBF3aUJ5y9TMM.5","action":"ProcessGetUpdates", "result":"Done", "context":{"dataType":"Edge Hub App Usage", "deleted":"6", "process_failed_to_decrypt":"0", "process_pending_decryption":"0", "process_success":"10", "total":"10"}}
{"logTime": "0530/095942", "correlationVector":"fB/HNQ5l2vBF3aUJ5y9TMM.6","action":"GetUpdates Response", "result":"Success", "context":Received 121 update(s). cV=fB/HNQ5l2vBF3aUJ5y9TMM.0;server=akswtt105000030;cloudType=Consumer;environment=Prod_southindia_prod-s01-004-apac-southindia;migrationStage=NotStarted}
{"logTime": "0530/095942", "correlationVector":"JKqN06XuUVijND3w89z2eA","action":"Initial GetUpdates", "result":"", "context":Reason: NEWLY_SUPPORTED_DATATYPE. cV=JKqN06XuUVijND3w89z2eA}
{"logTime": "0530/095942", "correlationVector":"JKqN06XuUVijND3w89z2eA.1","action":"SyncServerConnectionManagerRequest", "result":"SYNC_SERVER_OK", "context":{"environment":"Prod_southindia_prod-s01-004-apac-southindia", "migrationStage":"NotStarted", "server":"akswtt105000023"}}
{"logTime": "0530/095942", "correlationVector":"JKqN06XuUVijND3w89z2eA.2","action":"ProcessGetUpdates", "result":"Done", "context":{"dataType":"History", "deleted":"0", "process_failed_to_decrypt":"0", "process_pending_decryption":"0", "process_success":"237", "total":"237"}}
{"logTime": "0530/095942", "correlationVector":"JKqN06XuUVijND3w89z2eA.3","action":"GetUpdates Response", "result":"Success", "context":Received 237 update(s). cV=JKqN06XuUVijND3w89z2eA.0;server=akswtt105000023;cloudType=Consumer;environment=Prod_southindia_prod-s01-004-apac-southindia;migrationStage=NotStarted}
{"logTime": "0530/095942", "correlationVector":"pxInfBS4LIvIHUTxe507Sm","action":"Normal GetUpdate request", "result":"", "context":cV=pxInfBS4LIvIHUTxe507Sm
Nudged types: Sessions, Device Info
Refresh requested types: Bookmarks, Preferences, Passwords, Autofill Profiles, Autofill, Extensions, Sessions, Extension settings, History Delete Directives, Device Info, User Consents, Send Tab To Self, Web Apps, History, Saved Tab Group, WebAuthn Credentials, Collection, Edge E Drop, Edge Hub App Usage, Edge Wallet, Edge Workspace, Encryption Keys}
{"logTime": "0530/095942", "correlationVector":"pxInfBS4LIvIHUTxe507Sm.1","action":"SyncServerConnectionManagerRequest", "result":"SYNC_SERVER_OK", "context":{"environment":"Prod_southindia_prod-s01-004-apac-southindia", "migrationStage":"NotStarted", "server":"akswtt10500001s"}}
{"logTime": "0530/095942", "correlationVector":"pxInfBS4LIvIHUTxe507Sm.2","action":"GetUpdates Response", "result":"Success", "context":Received 0 update(s). cV=pxInfBS4LIvIHUTxe507Sm.0;server=akswtt10500001s;cloudType=Consumer;environment=Prod_southindia_prod-s01-004-apac-southindia;migrationStage=NotStarted}
{"logTime": "0530/095942", "correlationVector":"l9Oaf105HNBrFd8gYPs1T/","action":"Commit Request", "result":"", "context":Item count: 3
Contributing types: Sessions, Device Info}
{"logTime": "0530/095943", "correlationVector":"l9Oaf105HNBrFd8gYPs1T/.1","action":"SyncServerConnectionManagerRequest", "result":"SYNC_SERVER_OK", "context":{"environment":"Prod_southindia_prod-s01-004-apac-southindia", "migrationStage":"NotStarted", "server":"akswtt105000023"}}
{"logTime": "0530/095943", "correlationVector":"l9Oaf105HNBrFd8gYPs1T/.2","action":"Commit Response", "result":"Success", "context":Result: Success. cV=l9Oaf105HNBrFd8gYPs1T/.0;server=akswtt105000023;cloudType=Consumer;environment=Prod_southindia_prod-s01-004-apac-southindia;migrationStage=NotStarted}
{"logTime": "0530/095944", "correlationVector":"ukFU7qcaThBsAaXdvHxon1","action":"Commit Request", "result":"", "context":Item count: 12
Contributing types: Preferences, Passwords}
{"logTime": "0530/095945", "correlationVector":"ukFU7qcaThBsAaXdvHxon1.1","action":"SyncServerConnectionManagerRequest", "result":"SYNC_SERVER_OK", "context":{"environment":"Prod_southindia_prod-s01-004-apac-southindia", "migrationStage":"NotStarted", "server":"akswtt10500002q"}}
{"logTime": "0530/095945", "correlationVector":"ukFU7qcaThBsAaXdvHxon1.2","action":"Commit Response", "result":"Success", "context":Result: Success. cV=ukFU7qcaThBsAaXdvHxon1.0;server=akswtt10500002q;cloudType=Consumer;environment=Prod_southindia_prod-s01-004-apac-southindia;migrationStage=NotStarted}
{"logTime": "0530/100048", "correlationVector":"qOEPosmrs0HUPwma9+uPAq","action":"Commit Request", "result":"", "context":Item count: 2
Contributing types: Sessions, History}
{"logTime": "0530/100048", "correlationVector":"qOEPosmrs0HUPwma9+uPAq.1","action":"SyncServerConnectionManagerRequest", "result":"SYNC_SERVER_OK", "context":{"environment":"Prod_southindia_prod-s01-004-apac-southindia", "migrationStage":"NotStarted", "server":"akswtt10500000s"}}
{"logTime": "0530/100048", "correlationVector":"qOEPosmrs0HUPwma9+uPAq.2","action":"Commit Response", "result":"Success", "context":Result: Success. cV=qOEPosmrs0HUPwma9+uPAq.0;server=akswtt10500000s;cloudType=Consumer;environment=Prod_southindia_prod-s01-004-apac-southindia;migrationStage=NotStarted}
{"logTime": "0530/100207", "correlationVector":"zWkI3J4yXfbjGwZF138YYa.1","action":"SyncServerConnectionManagerRequest", "result":"SYNC_SERVER_OK", "context":{"environment":"Prod_southindia_prod-s01-004-apac-southindia", "migrationStage":"NotStarted", "server":"akswtt10500002s"}}
{"logTime": "0530/100207", "correlationVector":"zWkI3J4yXfbjGwZF138YYa.2","action":"ProcessGetUpdates", "result":"Done", "context":{"dataType":"Encryption Keys", "deleted":"0", "process_failed_to_decrypt":"0", "process_pending_decryption":"0", "process_success":"1", "total":"1"}}
{"logTime": "0530/100209", "correlationVector":"7r+FirLYH5cvoT7IGb5pVj","action":"SyncServerConnectionManagerRequest", "result":"SYNC_SERVER_OK", "context":{"environment":"", "migrationStage":"", "server":""}}
{"logTime": "0530/100209", "correlationVector":"7r+FirLYH5cvoT7IGb5pVj.0","action":"EncryptionKeysFetcher.DownloadKeys:", "result":"Success", "context":Key count: 7, Last key timestamp: 2026-01-02T16:11:34Z}
{"logTime": "0530/100209", "correlationVector":"7r+FirLYH5cvoT7IGb5pVj.1","action":"EncryptionKeysManager::SetEncryptionKeys:", "result":"Success", "context":Key names[7]:[SqHSnXUHXb6saCyw1QjYAeYpzvRJ/J0vygKkwZIN4CCgcTXfVW2yb1XwK6Y8WAHDMyHgF42VMmXyRIkV0jpcgA==][QrLloh4YHUg+S5KXyAtOPYRumiFqUiKisHm17Swl/HMYwT2ryzLT+G7YVPRYnEE3hOJ2IEqInzSlFij5EFUWMQ==][gQqTSZ4jjL3IIyTRaad0XcJCjlBuFm64+xSdIrolQeKWIPiO66sW2ee7oMdiCmxON3xDXmVD5cEgazuO1RCfBA==][wSYRKiY3Gy+HLWoihSysn2YFiWFoJSuu2TLhmzFIZCi/KVDg8CmiIxvafj97eZweGPGWm0pwaWHXoqq6svSH3Q==][JTZc1fAMfMMVYWKTQXUWd/FOAdw4rDFeL+C4XMnbKBXYQI2I918iyDPXPIetjPFRIRzhgXJafZcHiZUfDh2+xA==][peosBfaJBAE0qmBaRrWo6Vs3AcBZDwQpTxk+UNLsKcDbA5Jo5XRTyx3DfZpSbA0WmaXVFUAalrlN6B1wIHtm8Q==][AYovSn7TCjvk+KB7zJuHMmWkTxa7nN6cyJtH7iI5Hpel2Kbt+sZOWNY4lTmnKu1BXHdMOVozXvEHjoqb2yjDNg==]}
{"logTime": "0530/100209", "correlationVector":"7r+FirLYH5cvoT7IGb5pVj.2","action":"EncryptionKeysManager::SetEncryptionKeysWithTimestamps:", "result":"Success", "context":Key timestamps[7]:[2021-12-13T05:54:17Z][2022-06-16T03:10:48Z][2023-05-21T13:59:12Z][2025-04-09T01:16:54Z][2025-10-09T09:44:41Z][2025-12-28T02:47:22Z][2026-01-02T16:11:34Z]}
{"logTime": "0530/100209", "correlationVector":"zWkI3J4yXfbjGwZF138YYa","action":"Initial GetUpdates", "result":"", "context":Reason: NEW_CLIENT. cV=zWkI3J4yXfbjGwZF138YYa}
{"logTime": "0530/100209", "correlationVector":"zWkI3J4yXfbjGwZF138YYa.3","action":"GetUpdates Response", "result":"Success", "context":Received 1 update(s). cV=zWkI3J4yXfbjGwZF138YYa.0;server=akswtt10500002s;cloudType=Consumer;environment=Prod_southindia_prod-s01-004-apac-southindia;migrationStage=NotStarted}
{"logTime": "0530/100209", "correlationVector":"YP6is8Ju0bDRdtyMKAiruB","action":"Initial GetUpdates", "result":"", "context":Reason: NEWLY_SUPPORTED_DATATYPE. cV=YP6is8Ju0bDRdtyMKAiruB}
{"logTime": "0530/100209", "correlationVector":"YP6is8Ju0bDRdtyMKAiruB.1","action":"SyncServerConnectionManagerRequest", "result":"SYNC_SERVER_OK", "context":{"environment":"Prod_southindia_prod-s01-004-apac-southindia", "migrationStage":"NotStarted", "server":"akswtt105000027"}}
{"logTime": "0530/100209", "correlationVector":"YP6is8Ju0bDRdtyMKAiruB.2","action":"ProcessGetUpdates", "result":"Done", "context":{"dataType":"Passwords", "deleted":"0", "process_failed_to_decrypt":"0", "process_pending_decryption":"0", "process_success":"12", "total":"12"}}
{"logTime": "0530/100209", "correlationVector":"YP6is8Ju0bDRdtyMKAiruB.3","action":"GetUpdates Response", "result":"Success", "context":Received 12 update(s). cV=YP6is8Ju0bDRdtyMKAiruB.0;server=akswtt105000027;cloudType=Consumer;environment=Prod_southindia_prod-s01-004-apac-southindia;migrationStage=NotStarted}
{"logTime": "0530/100209", "correlationVector":"ecaOoIQzixegGLJsSpG2oz","action":"Normal GetUpdate request", "result":"", "context":cV=ecaOoIQzixegGLJsSpG2oz
Nudged types: Sessions, History
Refresh requested types: Bookmarks, Preferences, Passwords, Autofill Profiles, Autofill, Extensions, Sessions, Extension settings, History Delete Directives, Device Info, User Consents, Send Tab To Self, Web Apps, History, Saved Tab Group, WebAuthn Credentials, Collection, Edge E Drop, Edge Hub App Usage, Edge Wallet, Edge Workspace, Encryption Keys}
{"logTime": "0530/100209", "correlationVector":"ecaOoIQzixegGLJsSpG2oz.1","action":"SyncServerConnectionManagerRequest", "result":"SYNC_SERVER_OK", "context":{"environment":"Prod_southindia_prod-s01-004-apac-southindia", "migrationStage":"NotStarted", "server":"akswtt10500001p"}}
{"logTime": "0530/100209", "correlationVector":"ecaOoIQzixegGLJsSpG2oz.2","action":"ProcessGetUpdates", "result":"Done", "context":{"dataType":"Preferences", "deleted":"0", "process_failed_to_decrypt":"0", "process_pending_decryption":"0", "process_success":"1", "total":"1"}}
{"logTime": "0530/100209", "correlationVector":"ecaOoIQzixegGLJsSpG2oz.3","action":"ProcessGetUpdates", "result":"Done", "context":{"dataType":"Sessions", "deleted":"0", "process_failed_to_decrypt":"0", "process_pending_decryption":"0", "process_success":"2", "total":"2"}}
{"logTime": "0530/100209", "correlationVector":"ecaOoIQzixegGLJsSpG2oz.4","action":"ProcessGetUpdates", "result":"Done", "context":{"dataType":"Device Info", "deleted":"0", "process_failed_to_decrypt":"0", "process_pending_decryption":"0", "process_success":"1", "total":"1"}}
{"logTime": "0530/100209", "correlationVector":"ecaOoIQzixegGLJsSpG2oz.5","action":"ProcessGetUpdates", "result":"Done", "context":{"dataType":"History", "deleted":"0", "process_failed_to_decrypt":"0", "process_pending_decryption":"0", "process_success":"1", "total":"1"}}
{"logTime": "0530/100209", "correlationVector":"ecaOoIQzixegGLJsSpG2oz.6","action":"GetUpdates Response", "result":"Success", "context":Received 5 update(s). cV=ecaOoIQzixegGLJsSpG2oz.0;server=akswtt10500001p;cloudType=Consumer;environment=Prod_southindia_prod-s01-004-apac-southindia;migrationStage=NotStarted}
{"logTime": "0530/100209", "correlationVector":"N0pCdEfLNwFfSSslvM9m81","action":"Commit Request", "result":"", "context":Item count: 3
Contributing types: Sessions, History}
{"logTime": "0530/100209", "correlationVector":"N0pCdEfLNwFfSSslvM9m81.1","action":"SyncServerConnectionManagerRequest", "result":"SYNC_SERVER_OK", "context":{"environment":"Prod_southindia_prod-s01-004-apac-southindia", "migrationStage":"NotStarted", "server":"akswtt105000031"}}
{"logTime": "0530/100209", "correlationVector":"N0pCdEfLNwFfSSslvM9m81.2","action":"Commit Response", "result":"Success", "context":Result: Success. cV=N0pCdEfLNwFfSSslvM9m81.0;server=akswtt105000031;cloudType=Consumer;environment=Prod_southindia_prod-s01-004-apac-southindia;migrationStage=NotStarted}
{"logTime": "0530/100211", "correlationVector":"vWgP8LoScYH6io8wikrcVe","action":"Commit Request", "result":"", "context":Item count: 12
Contributing types: Preferences, Passwords}
{"logTime": "0530/100212", "correlationVector":"vWgP8LoScYH6io8wikrcVe.1","action":"SyncServerConnectionManagerRequest", "result":"SYNC_SERVER_OK", "context":{"environment":"Prod_southindia_prod-s01-004-apac-southindia", "migrationStage":"NotStarted", "server":"akswtt105000031"}}
{"logTime": "0530/100212", "correlationVector":"vWgP8LoScYH6io8wikrcVe.2","action":"Commit Response", "result":"Success", "context":Result: Success. cV=vWgP8LoScYH6io8wikrcVe.0;server=akswtt105000031;cloudType=Consumer;environment=Prod_southindia_prod-s01-004-apac-southindia;migrationStage=NotStarted}
{"logTime": "0530/100314", "correlationVector":"YscvFPMvYpgBE8XlgfpJQy","action":"Commit Request", "result":"", "context":Item count: 3
Contributing types: Sessions, History}
{"logTime": "0530/100314", "correlationVector":"YscvFPMvYpgBE8XlgfpJQy.1","action":"SyncServerConnectionManagerRequest", "result":"SYNC_SERVER_OK", "context":{"environment":"Prod_southindia_prod-s01-004-apac-southindia", "migrationStage":"NotStarted", "server":"akswtt105000027"}}
{"logTime": "0530/100314", "correlationVector":"YscvFPMvYpgBE8XlgfpJQy.2","action":"Commit Response", "result":"Success", "context":Result: Success. cV=YscvFPMvYpgBE8XlgfpJQy.0;server=akswtt105000027;cloudType=Consumer;environment=Prod_southindia_prod-s01-004-apac-southindia;migrationStage=NotStarted}
{"logTime": "0530/100430", "correlationVector":"XIkXBu/yqr72NO9bx2afoA","action":"Commit Request", "result":"", "context":Item count: 3
Contributing types: Sessions, History}
{"logTime": "0530/100430", "correlationVector":"XIkXBu/yqr72NO9bx2afoA.1","action":"SyncServerConnectionManagerRequest", "result":"SYNC_SERVER_OK", "context":{"environment":"Prod_southindia_prod-s01-004-apac-southindia", "migrationStage":"NotStarted", "server":"akswtt10500001p"}}
{"logTime": "0530/100430", "correlationVector":"XIkXBu/yqr72NO9bx2afoA.2","action":"Commit Response", "result":"Success", "context":Result: Success. cV=XIkXBu/yqr72NO9bx2afoA.0;server=akswtt10500001p;cloudType=Consumer;environment=Prod_southindia_prod-s01-004-apac-southindia;migrationStage=NotStarted}
{"logTime": "0530/115229", "correlationVector":"Vo1HEincgOv4oCXYHra5nj.1","action":"SyncServerConnectionManagerRequest", "result":"SYNC_SERVER_OK", "context":{"environment":"Prod_southindia_prod-s01-004-apac-southindia", "migrationStage":"NotStarted", "server":"akswtt10500000q"}}
{"logTime": "0530/115229", "correlationVector":"Vo1HEincgOv4oCXYHra5nj.2","action":"ProcessGetUpdates", "result":"Done", "context":{"dataType":"Encryption Keys", "deleted":"0", "process_failed_to_decrypt":"0", "process_pending_decryption":"0", "process_success":"1", "total":"1"}}
{"logTime": "0530/115230", "correlationVector":"iHTf9605cVFyJbg7JDA+FU","action":"SyncServerConnectionManagerRequest", "result":"SYNC_SERVER_OK", "context":{"environment":"", "migrationStage":"", "server":""}}
{"logTime": "0530/115230", "correlationVector":"iHTf9605cVFyJbg7JDA+FU.0","action":"EncryptionKeysFetcher.DownloadKeys:", "result":"Success", "context":Key count: 7, Last key timestamp: 2026-01-02T16:11:34Z}
{"logTime": "0530/115230", "correlationVector":"iHTf9605cVFyJbg7JDA+FU.1","action":"EncryptionKeysManager::SetEncryptionKeys:", "result":"Success", "context":Key names[7]:[SqHSnXUHXb6saCyw1QjYAeYpzvRJ/J0vygKkwZIN4CCgcTXfVW2yb1XwK6Y8WAHDMyHgF42VMmXyRIkV0jpcgA==][QrLloh4YHUg+S5KXyAtOPYRumiFqUiKisHm17Swl/HMYwT2ryzLT+G7YVPRYnEE3hOJ2IEqInzSlFij5EFUWMQ==][gQqTSZ4jjL3IIyTRaad0XcJCjlBuFm64+xSdIrolQeKWIPiO66sW2ee7oMdiCmxON3xDXmVD5cEgazuO1RCfBA==][wSYRKiY3Gy+HLWoihSysn2YFiWFoJSuu2TLhmzFIZCi/KVDg8CmiIxvafj97eZweGPGWm0pwaWHXoqq6svSH3Q==][JTZc1fAMfMMVYWKTQXUWd/FOAdw4rDFeL+C4XMnbKBXYQI2I918iyDPXPIetjPFRIRzhgXJafZcHiZUfDh2+xA==][peosBfaJBAE0qmBaRrWo6Vs3AcBZDwQpTxk+UNLsKcDbA5Jo5XRTyx3DfZpSbA0WmaXVFUAalrlN6B1wIHtm8Q==][AYovSn7TCjvk+KB7zJuHMmWkTxa7nN6cyJtH7iI5Hpel2Kbt+sZOWNY4lTmnKu1BXHdMOVozXvEHjoqb2yjDNg==]}
{"logTime": "0530/115230", "correlationVector":"iHTf9605cVFyJbg7JDA+FU.2","action":"EncryptionKeysManager::SetEncryptionKeysWithTimestamps:", "result":"Success", "context":Key timestamps[7]:[2021-12-13T05:54:17Z][2022-06-16T03:10:48Z][2023-05-21T13:59:12Z][2025-04-09T01:16:54Z][2025-10-09T09:44:41Z][2025-12-28T02:47:22Z][2026-01-02T16:11:34Z]}
{"logTime": "0530/115230", "correlationVector":"Vo1HEincgOv4oCXYHra5nj","action":"Initial GetUpdates", "result":"", "context":Reason: NEW_CLIENT. cV=Vo1HEincgOv4oCXYHra5nj}
{"logTime": "0530/115230", "correlationVector":"Vo1HEincgOv4oCXYHra5nj.3","action":"GetUpdates Response", "result":"Success", "context":Received 1 update(s). cV=Vo1HEincgOv4oCXYHra5nj.0;server=akswtt10500000q;cloudType=Consumer;environment=Prod_southindia_prod-s01-004-apac-southindia;migrationStage=NotStarted}
{"logTime": "0530/115230", "correlationVector":"QjBEUvnx1Cim/Svt5zc+Tt","action":"Initial GetUpdates", "result":"", "context":Reason: NEWLY_SUPPORTED_DATATYPE. cV=QjBEUvnx1Cim/Svt5zc+Tt}
{"logTime": "0530/115230", "correlationVector":"QjBEUvnx1Cim/Svt5zc+Tt.1","action":"SyncServerConnectionManagerRequest", "result":"SYNC_SERVER_OK", "context":{"environment":"Prod_southindia_prod-s01-004-apac-southindia", "migrationStage":"NotStarted", "server":"akswtt10500001s"}}
{"logTime": "0530/115230", "correlationVector":"QjBEUvnx1Cim/Svt5zc+Tt.2","action":"ProcessGetUpdates", "result":"Done", "context":{"dataType":"Preferences", "deleted":"0", "process_failed_to_decrypt":"0", "process_pending_decryption":"0", "process_success":"65", "total":"65"}}
{"logTime": "0530/115230", "correlationVector":"QjBEUvnx1Cim/Svt5zc+Tt.3","action":"ProcessGetUpdates", "result":"Done", "context":{"dataType":"Passwords", "deleted":"0", "process_failed_to_decrypt":"0", "process_pending_decryption":"0", "process_success":"12", "total":"12"}}
{"logTime": "0530/115230", "correlationVector":"QjBEUvnx1Cim/Svt5zc+Tt.4","action":"ProcessGetUpdates", "result":"Done", "context":{"dataType":"Device Info", "deleted":"0", "process_failed_to_decrypt":"0", "process_pending_decryption":"0", "process_success":"20", "total":"20"}}
{"logTime": "0530/115230", "correlationVector":"QjBEUvnx1Cim/Svt5zc+Tt.5","action":"GetUpdates Response", "result":"Success", "context":Received 97 update(s). cV=QjBEUvnx1Cim/Svt5zc+Tt.0;server=akswtt10500001s;cloudType=Consumer;environment=Prod_southindia_prod-s01-004-apac-southindia;migrationStage=NotStarted}
{"logTime": "0530/115230", "correlationVector":"XDXsBjCGfPnNM0iVYOU88P","action":"Initial GetUpdates", "result":"", "context":Reason: NEWLY_SUPPORTED_DATATYPE. cV=XDXsBjCGfPnNM0iVYOU88P}
{"logTime": "0530/115230", "correlationVector":"XDXsBjCGfPnNM0iVYOU88P.1","action":"SyncServerConnectionManagerRequest", "result":"SYNC_SERVER_OK", "context":{"environment":"Prod_southindia_prod-s01-004-apac-southindia", "migrationStage":"NotStarted", "server":"akswtt10500002q"}}
{"logTime": "0530/115230", "correlationVector":"XDXsBjCGfPnNM0iVYOU88P.2","action":"ProcessGetUpdates", "result":"Done", "context":{"dataType":"Bookmarks", "deleted":"0", "process_failed_to_decrypt":"0", "process_pending_decryption":"0", "process_success":"6", "total":"6"}}
{"logTime": "0530/115230", "correlationVector":"XDXsBjCGfPnNM0iVYOU88P.3","action":"GetUpdates Response", "result":"Success", "context":Received 6 update(s). cV=XDXsBjCGfPnNM0iVYOU88P.0;server=akswtt10500002q;cloudType=Consumer;environment=Prod_southindia_prod-s01-004-apac-southindia;migrationStage=NotStarted}
{"logTime": "0530/115230", "correlationVector":"bNPRnMx1SXLIGl/ZyZMx4B","action":"Initial GetUpdates", "result":"", "context":Reason: NEWLY_SUPPORTED_DATATYPE. cV=bNPRnMx1SXLIGl/ZyZMx4B}
{"logTime": "0530/115230", "correlationVector":"bNPRnMx1SXLIGl/ZyZMx4B.1","action":"SyncServerConnectionManagerRequest", "result":"SYNC_SERVER_OK", "context":{"environment":"Prod_southindia_prod-s01-004-apac-southindia", "migrationStage":"NotStarted", "server":"akswtt105000026"}}
{"logTime": "0530/115230", "correlationVector":"bNPRnMx1SXLIGl/ZyZMx4B.2","action":"ProcessGetUpdates", "result":"Done", "context":{"dataType":"Autofill Profiles", "deleted":"1", "process_failed_to_decrypt":"0", "process_pending_decryption":"0", "process_success":"9", "total":"9"}}
{"logTime": "0530/115230", "correlationVector":"bNPRnMx1SXLIGl/ZyZMx4B.3","action":"ProcessGetUpdates", "result":"Done", "context":{"dataType":"Autofill", "deleted":"0", "process_failed_to_decrypt":"0", "process_pending_decryption":"0", "process_success":"41", "total":"41"}}
{"logTime": "0530/115230", "correlationVector":"bNPRnMx1SXLIGl/ZyZMx4B.4","action":"ProcessGetUpdates", "result":"Done", "context":{"dataType":"Sessions", "deleted":"52", "process_failed_to_decrypt":"0", "process_pending_decryption":"0", "process_success":"62", "total":"62"}}
{"logTime": "0530/115230", "correlationVector":"bNPRnMx1SXLIGl/ZyZMx4B.5","action":"ProcessGetUpdates", "result":"Done", "context":{"dataType":"Edge Hub App Usage", "deleted":"6", "process_failed_to_decrypt":"0", "process_pending_decryption":"0", "process_success":"10", "total":"10"}}
{"logTime": "0530/115230", "correlationVector":"bNPRnMx1SXLIGl/ZyZMx4B.6","action":"GetUpdates Response", "result":"Success", "context":Received 122 update(s). cV=bNPRnMx1SXLIGl/ZyZMx4B.0;server=akswtt105000026;cloudType=Consumer;environment=Prod_southindia_prod-s01-004-apac-southindia;migrationStage=NotStarted}
{"logTime": "0530/115231", "correlationVector":"y3HS+md3NJ/wICYV3i3aTq","action":"Initial GetUpdates", "result":"", "context":Reason: NEWLY_SUPPORTED_DATATYPE. cV=y3HS+md3NJ/wICYV3i3aTq}
{"logTime": "0530/115231", "correlationVector":"y3HS+md3NJ/wICYV3i3aTq.1","action":"SyncServerConnectionManagerRequest", "result":"SYNC_SERVER_OK", "context":{"environment":"Prod_southindia_prod-s01-004-apac-southindia", "migrationStage":"NotStarted", "server":"akswtt10500002n"}}
{"logTime": "0530/115231", "correlationVector":"y3HS+md3NJ/wICYV3i3aTq.2","action":"ProcessGetUpdates", "result":"Done", "context":{"dataType":"History", "deleted":"0", "process_failed_to_decrypt":"0", "process_pending_decryption":"0", "process_success":"241", "total":"241"}}
{"logTime": "0530/115231", "correlationVector":"y3HS+md3NJ/wICYV3i3aTq.3","action":"GetUpdates Response", "result":"Success", "context":Received 241 update(s). cV=y3HS+md3NJ/wICYV3i3aTq.0;server=akswtt10500002n;cloudType=Consumer;environment=Prod_southindia_prod-s01-004-apac-southindia;migrationStage=NotStarted}
{"logTime": "0530/115231", "correlationVector":"OlD6JG5At/5yqnHvbxBiE0","action":"Normal GetUpdate request", "result":"", "context":cV=OlD6JG5At/5yqnHvbxBiE0
Nudged types: Sessions, Device Info
Refresh requested types: Bookmarks, Preferences, Passwords, Autofill Profiles, Autofill, Extensions, Sessions, Extension settings, History Delete Directives, Device Info, User Consents, Send Tab To Self, Web Apps, History, Saved Tab Group, WebAuthn Credentials, Collection, Edge E Drop, Edge Hub App Usage, Edge Wallet, Edge Workspace, Encryption Keys}
{"logTime": "0530/115231", "correlationVector":"OlD6JG5At/5yqnHvbxBiE0.1","action":"SyncServerConnectionManagerRequest", "result":"SYNC_SERVER_OK", "context":{"environment":"Prod_southindia_prod-s01-004-apac-southindia", "migrationStage":"NotStarted", "server":"akswtt10500001s"}}
{"logTime": "0530/115231", "correlationVector":"OlD6JG5At/5yqnHvbxBiE0.2","action":"GetUpdates Response", "result":"Success", "context":Received 0 update(s). cV=OlD6JG5At/5yqnHvbxBiE0.0;server=akswtt10500001s;cloudType=Consumer;environment=Prod_southindia_prod-s01-004-apac-southindia;migrationStage=NotStarted}
{"logTime": "0530/115231", "correlationVector":"ARdWbMn87DtY2q3d9GxWAp","action":"Commit Request", "result":"", "context":Item count: 3
Contributing types: Sessions, Device Info}
{"logTime": "0530/115231", "correlationVector":"ARdWbMn87DtY2q3d9GxWAp.1","action":"SyncServerConnectionManagerRequest", "result":"SYNC_SERVER_OK", "context":{"environment":"Prod_southindia_prod-s01-004-apac-southindia", "migrationStage":"NotStarted", "server":"akswtt105000023"}}
{"logTime": "0530/115231", "correlationVector":"ARdWbMn87DtY2q3d9GxWAp.2","action":"Commit Response", "result":"Success", "context":Result: Success. cV=ARdWbMn87DtY2q3d9GxWAp.0;server=akswtt105000023;cloudType=Consumer;environment=Prod_southindia_prod-s01-004-apac-southindia;migrationStage=NotStarted}
{"logTime": "0530/115233", "correlationVector":"gFiVek0Zv3qU99KYZAt7Ep","action":"Commit Request", "result":"", "context":Item count: 14
Contributing types: Preferences, Passwords, Sessions, History}
{"logTime": "0530/115233", "correlationVector":"gFiVek0Zv3qU99KYZAt7Ep.1","action":"SyncServerConnectionManagerRequest", "result":"SYNC_SERVER_OK", "context":{"environment":"Prod_southindia_prod-s01-004-apac-southindia", "migrationStage":"NotStarted", "server":"akswtt10500001y"}}
{"logTime": "0530/115233", "correlationVector":"gFiVek0Zv3qU99KYZAt7Ep.2","action":"Commit Response", "result":"Success", "context":Result: Success. cV=gFiVek0Zv3qU99KYZAt7Ep.0;server=akswtt10500001y;cloudType=Consumer;environment=Prod_southindia_prod-s01-004-apac-southindia;migrationStage=NotStarted}
{"logTime": "0530/115338", "correlationVector":"ub9Nk04Z+5GfTC/eOF1pW8","action":"Commit Request", "result":"", "context":Item count: 3
Contributing types: Sessions, History}
{"logTime": "0530/115338", "correlationVector":"ub9Nk04Z+5GfTC/eOF1pW8.1","action":"SyncServerConnectionManagerRequest", "result":"SYNC_SERVER_OK", "context":{"environment":"Prod_southindia_prod-s01-004-apac-southindia", "migrationStage":"NotStarted", "server":"akswtt10500002d"}}
{"logTime": "0530/115338", "correlationVector":"ub9Nk04Z+5GfTC/eOF1pW8.2","action":"Commit Response", "result":"Success", "context":Result: Success. cV=ub9Nk04Z+5GfTC/eOF1pW8.0;server=akswtt10500002d;cloudType=Consumer;environment=Prod_southindia_prod-s01-004-apac-southindia;migrationStage=NotStarted}
{"logTime": "0530/115825", "correlationVector":"u6GeGREhK3mAtZfxSIXNpi.1","action":"SyncServerConnectionManagerRequest", "result":"SYNC_SERVER_OK", "context":{"environment":"Prod_southindia_prod-s01-004-apac-southindia", "migrationStage":"NotStarted", "server":"akswtt105000030"}}
{"logTime": "0530/115825", "correlationVector":"u6GeGREhK3mAtZfxSIXNpi.2","action":"ProcessGetUpdates", "result":"Done", "context":{"dataType":"Encryption Keys", "deleted":"0", "process_failed_to_decrypt":"0", "process_pending_decryption":"0", "process_success":"1", "total":"1"}}
{"logTime": "0530/115826", "correlationVector":"gSopX5Mr4jbqXLXv4ShfAt","action":"SyncServerConnectionManagerRequest", "result":"SYNC_SERVER_OK", "context":{"environment":"", "migrationStage":"", "server":""}}
{"logTime": "0530/115826", "correlationVector":"gSopX5Mr4jbqXLXv4ShfAt.0","action":"EncryptionKeysFetcher.DownloadKeys:", "result":"Success", "context":Key count: 7, Last key timestamp: 2026-01-02T16:11:34Z}
{"logTime": "0530/115826", "correlationVector":"gSopX5Mr4jbqXLXv4ShfAt.1","action":"EncryptionKeysManager::SetEncryptionKeys:", "result":"Success", "context":Key names[7]:[SqHSnXUHXb6saCyw1QjYAeYpzvRJ/J0vygKkwZIN4CCgcTXfVW2yb1XwK6Y8WAHDMyHgF42VMmXyRIkV0jpcgA==][QrLloh4YHUg+S5KXyAtOPYRumiFqUiKisHm17Swl/HMYwT2ryzLT+G7YVPRYnEE3hOJ2IEqInzSlFij5EFUWMQ==][gQqTSZ4jjL3IIyTRaad0XcJCjlBuFm64+xSdIrolQeKWIPiO66sW2ee7oMdiCmxON3xDXmVD5cEgazuO1RCfBA==][wSYRKiY3Gy+HLWoihSysn2YFiWFoJSuu2TLhmzFIZCi/KVDg8CmiIxvafj97eZweGPGWm0pwaWHXoqq6svSH3Q==][JTZc1fAMfMMVYWKTQXUWd/FOAdw4rDFeL+C4XMnbKBXYQI2I918iyDPXPIetjPFRIRzhgXJafZcHiZUfDh2+xA==][peosBfaJBAE0qmBaRrWo6Vs3AcBZDwQpTxk+UNLsKcDbA5Jo5XRTyx3DfZpSbA0WmaXVFUAalrlN6B1wIHtm8Q==][AYovSn7TCjvk+KB7zJuHMmWkTxa7nN6cyJtH7iI5Hpel2Kbt+sZOWNY4lTmnKu1BXHdMOVozXvEHjoqb2yjDNg==]}
{"logTime": "0530/115826", "correlationVector":"gSopX5Mr4jbqXLXv4ShfAt.2","action":"EncryptionKeysManager::SetEncryptionKeysWithTimestamps:", "result":"Success", "context":Key timestamps[7]:[2021-12-13T05:54:17Z][2022-06-16T03:10:48Z][2023-05-21T13:59:12Z][2025-04-09T01:16:54Z][2025-10-09T09:44:41Z][2025-12-28T02:47:22Z][2026-01-02T16:11:34Z]}
{"logTime": "0530/115826", "correlationVector":"u6GeGREhK3mAtZfxSIXNpi","action":"Initial GetUpdates", "result":"", "context":Reason: NEW_CLIENT. cV=u6GeGREhK3mAtZfxSIXNpi}
{"logTime": "0530/115826", "correlationVector":"u6GeGREhK3mAtZfxSIXNpi.3","action":"GetUpdates Response", "result":"Success", "context":Received 1 update(s). cV=u6GeGREhK3mAtZfxSIXNpi.0;server=akswtt105000030;cloudType=Consumer;environment=Prod_southindia_prod-s01-004-apac-southindia;migrationStage=NotStarted}
{"logTime": "0530/115826", "correlationVector":"tMfMBP4vRa8rrsaQVEaj92","action":"Initial GetUpdates", "result":"", "context":Reason: NEWLY_SUPPORTED_DATATYPE. cV=tMfMBP4vRa8rrsaQVEaj92}
{"logTime": "0530/115826", "correlationVector":"tMfMBP4vRa8rrsaQVEaj92.1","action":"SyncServerConnectionManagerRequest", "result":"SYNC_SERVER_OK", "context":{"environment":"Prod_southindia_prod-s01-004-apac-southindia", "migrationStage":"NotStarted", "server":"akswtt10500002e"}}
{"logTime": "0530/115826", "correlationVector":"tMfMBP4vRa8rrsaQVEaj92.2","action":"ProcessGetUpdates", "result":"Done", "context":{"dataType":"Passwords", "deleted":"0", "process_failed_to_decrypt":"0", "process_pending_decryption":"0", "process_success":"12", "total":"12"}}
{"logTime": "0530/115826", "correlationVector":"tMfMBP4vRa8rrsaQVEaj92.3","action":"GetUpdates Response", "result":"Success", "context":Received 12 update(s). cV=tMfMBP4vRa8rrsaQVEaj92.0;server=akswtt10500002e;cloudType=Consumer;environment=Prod_southindia_prod-s01-004-apac-southindia;migrationStage=NotStarted}
{"logTime": "0530/115826", "correlationVector":"F1G567bN4GuR/011jTTmde","action":"Normal GetUpdate request", "result":"", "context":cV=F1G567bN4GuR/011jTTmde
Nudged types: Sessions, History
Refresh requested types: Bookmarks, Preferences, Passwords, Autofill Profiles, Autofill, Extensions, Sessions, Extension settings, History Delete Directives, Device Info, User Consents, Send Tab To Self, Web Apps, History, Saved Tab Group, WebAuthn Credentials, Collection, Edge E Drop, Edge Hub App Usage, Edge Wallet, Edge Workspace, Encryption Keys}
{"logTime": "0530/115826", "correlationVector":"F1G567bN4GuR/011jTTmde.1","action":"SyncServerConnectionManagerRequest", "result":"SYNC_SERVER_OK", "context":{"environment":"Prod_southindia_prod-s01-004-apac-southindia", "migrationStage":"NotStarted", "server":"akswtt10500002e"}}
{"logTime": "0530/115826", "correlationVector":"F1G567bN4GuR/011jTTmde.2","action":"ProcessGetUpdates", "result":"Done", "context":{"dataType":"Preferences", "deleted":"0", "process_failed_to_decrypt":"0", "process_pending_decryption":"0", "process_success":"1", "total":"1"}}
{"logTime": "0530/115826", "correlationVector":"F1G567bN4GuR/011jTTmde.3","action":"ProcessGetUpdates", "result":"Done", "context":{"dataType":"Sessions", "deleted":"0", "process_failed_to_decrypt":"0", "process_pending_decryption":"0", "process_success":"2", "total":"2"}}
{"logTime": "0530/115826", "correlationVector":"F1G567bN4GuR/011jTTmde.4","action":"ProcessGetUpdates", "result":"Done", "context":{"dataType":"Device Info", "deleted":"0", "process_failed_to_decrypt":"0", "process_pending_decryption":"0", "process_success":"1", "total":"1"}}
{"logTime": "0530/115826", "correlationVector":"F1G567bN4GuR/011jTTmde.5","action":"ProcessGetUpdates", "result":"Done", "context":{"dataType":"History", "deleted":"0", "process_failed_to_decrypt":"0", "process_pending_decryption":"0", "process_success":"2", "total":"2"}}
{"logTime": "0530/115826", "correlationVector":"F1G567bN4GuR/011jTTmde.6","action":"GetUpdates Response", "result":"Success", "context":Received 6 update(s). cV=F1G567bN4GuR/011jTTmde.0;server=akswtt10500002e;cloudType=Consumer;environment=Prod_southindia_prod-s01-004-apac-southindia;migrationStage=NotStarted}
{"logTime": "0530/115826", "correlationVector":"QZ/bl7Ql+LNKxvigrj6gPo","action":"Commit Request", "result":"", "context":Item count: 7
Contributing types: Sessions, History}
{"logTime": "0530/115826", "correlationVector":"QZ/bl7Ql+LNKxvigrj6gPo.1","action":"SyncServerConnectionManagerRequest", "result":"SYNC_SERVER_OK", "context":{"environment":"Prod_southindia_prod-s01-004-apac-southindia", "migrationStage":"NotStarted", "server":"akswtt105000027"}}
{"logTime": "0530/115826", "correlationVector":"QZ/bl7Ql+LNKxvigrj6gPo.2","action":"Commit Response", "result":"Success", "context":Result: Success. cV=QZ/bl7Ql+LNKxvigrj6gPo.0;server=akswtt105000027;cloudType=Consumer;environment=Prod_southindia_prod-s01-004-apac-southindia;migrationStage=NotStarted}
{"logTime": "0530/115828", "correlationVector":"1HhBZ0b/viaTwcKzgHd591","action":"Commit Request", "result":"", "context":Item count: 12
Contributing types: Preferences, Passwords}
{"logTime": "0530/115829", "correlationVector":"1HhBZ0b/viaTwcKzgHd591.1","action":"SyncServerConnectionManagerRequest", "result":"SYNC_SERVER_OK", "context":{"environment":"Prod_southindia_prod-s01-004-apac-southindia", "migrationStage":"NotStarted", "server":"akswtt10500001j"}}
{"logTime": "0530/115829", "correlationVector":"1HhBZ0b/viaTwcKzgHd591.2","action":"Commit Response", "result":"Success", "context":Result: Success. cV=1HhBZ0b/viaTwcKzgHd591.0;server=akswtt10500001j;cloudType=Consumer;environment=Prod_southindia_prod-s01-004-apac-southindia;migrationStage=NotStarted}
{"logTime": "0530/115929", "correlationVector":"IEJv2VFPJ0nmu8SfBCTisG","action":"Commit Request", "result":"", "context":Item count: 4
Contributing types: Sessions, History}
{"logTime": "0530/115929", "correlationVector":"IEJv2VFPJ0nmu8SfBCTisG.1","action":"SyncServerConnectionManagerRequest", "result":"SYNC_SERVER_OK", "context":{"environment":"Prod_southindia_prod-s01-004-apac-southindia", "migrationStage":"NotStarted", "server":"akswtt10500002i"}}
{"logTime": "0530/115929", "correlationVector":"IEJv2VFPJ0nmu8SfBCTisG.3","action":"Commit.Sessions", "result":"Success", "context":{"id":"6eeaf3f8-1c0e-45fb-8c8d-9602628e8607", "isDeleted":"true", "size":"0", "version":"1780142306626"}}
{"logTime": "0530/115929", "correlationVector":"IEJv2VFPJ0nmu8SfBCTisG.2","action":"Commit Response", "result":"Success", "context":Result: Success. cV=IEJv2VFPJ0nmu8SfBCTisG.0;server=akswtt10500002i;cloudType=Consumer;environment=Prod_southindia_prod-s01-004-apac-southindia;migrationStage=NotStarted}
{"logTime": "0530/124424", "correlationVector":"iwdaM94YytTxhGhwxhW1tJ","action":"Commit Request", "result":"", "context":Item count: 4
Contributing types: Sessions, History}
{"logTime": "0530/124424", "correlationVector":"iwdaM94YytTxhGhwxhW1tJ.1","action":"SyncServerConnectionManagerRequest", "result":"SYNC_SERVER_OK", "context":{"environment":"Prod_southindia_prod-s01-004-apac-southindia", "migrationStage":"NotStarted", "server":"akswtt105000030"}}
{"logTime": "0530/124424", "correlationVector":"iwdaM94YytTxhGhwxhW1tJ.2","action":"Commit Response", "result":"Success", "context":Result: Success. cV=iwdaM94YytTxhGhwxhW1tJ.0;server=akswtt105000030;cloudType=Consumer;environment=Prod_southindia_prod-s01-004-apac-southindia;migrationStage=NotStarted}
{"logTime": "0530/135030", "correlationVector":"F33jVTEC6PQFkyQrvsXKxv","action":"Poll GetUpdate request", "result":"", "context":cV=F33jVTEC6PQFkyQrvsXKxv}
{"logTime": "0530/135030", "correlationVector":"F33jVTEC6PQFkyQrvsXKxv.1","action":"SyncServerConnectionManagerRequest", "result":"SYNC_AUTH_ERROR", "context":{"environment":"Prod_southindia_prod-s01-004-apac-southindia", "migrationStage":"NotStarted", "server":"akswtt10500000u"}}
{"logTime": "0530/135030", "correlationVector":"F33jVTEC6PQFkyQrvsXKxv.2","action":"GetUpdates Response", "result":"HTTP error (401)", "context":Received error: HTTP error (401). cV=F33jVTEC6PQFkyQrvsXKxv.0;server=akswtt10500000u;cloudType=Undetermined;environment=Prod_southindia_prod-s01-004-apac-southindia;migrationStage=NotStarted}
{"logTime": "0530/135034", "correlationVector":"+r3D2I9nloJ2JksoC88+G4","action":"Poll GetUpdate request", "result":"", "context":cV=+r3D2I9nloJ2JksoC88+G4}
{"logTime": "0530/135034", "correlationVector":"+r3D2I9nloJ2JksoC88+G4","action":"SyncServerConnectionManagerRequest", "result":"CONNECTION_UNAVAILABLE", "context":{"error_type":"net_error_code", "error_value":"-331"}}
{"logTime": "0530/135034", "correlationVector":"qvIhKFAIAGBeHYphicKy0F.0","action":"GetUpdates Response", "result":"Network error (ERR_NETWORK_IO_SUSPENDED)", "context":Received error: Network error (ERR_NETWORK_IO_SUSPENDED). }
{"logTime": "0530/153959", "correlationVector":"exMolqaHKrgZSraIiWssYA","action":"Poll GetUpdate request", "result":"", "context":cV=exMolqaHKrgZSraIiWssYA}
{"logTime": "0530/154003", "correlationVector":"exMolqaHKrgZSraIiWssYA.1","action":"SyncServerConnectionManagerRequest", "result":"SYNC_SERVER_OK", "context":{"environment":"Prod_southindia_prod-s01-004-apac-southindia", "migrationStage":"NotStarted", "server":"akswtt10500000u"}}
{"logTime": "0530/154003", "correlationVector":"exMolqaHKrgZSraIiWssYA.2","action":"ProcessGetUpdates", "result":"Done", "context":{"dataType":"Preferences", "deleted":"0", "process_failed_to_decrypt":"0", "process_pending_decryption":"0", "process_success":"1", "total":"1"}}
{"logTime": "0530/154003", "correlationVector":"exMolqaHKrgZSraIiWssYA.3","action":"ProcessGetUpdates", "result":"Done", "context":{"dataType":"Passwords", "deleted":"0", "process_failed_to_decrypt":"0", "process_pending_decryption":"0", "process_success":"11", "total":"11"}}
{"logTime": "0530/154003", "correlationVector":"exMolqaHKrgZSraIiWssYA.4","action":"ProcessGetUpdates", "result":"Done", "context":{"dataType":"Sessions", "deleted":"1", "process_failed_to_decrypt":"0", "process_pending_decryption":"0", "process_success":"3", "total":"3"}}
{"logTime": "0530/154003", "correlationVector":"exMolqaHKrgZSraIiWssYA.5","action":"ProcessGetUpdates", "result":"Done", "context":{"dataType":"History", "deleted":"0", "process_failed_to_decrypt":"0", "process_pending_decryption":"0", "process_success":"8", "total":"8"}}
{"logTime": "0530/154003", "correlationVector":"exMolqaHKrgZSraIiWssYA.6","action":"GetUpdates Response", "result":"Success", "context":Received 23 update(s). cV=exMolqaHKrgZSraIiWssYA.0;server=akswtt10500000u;cloudType=Consumer;environment=Prod_southindia_prod-s01-004-apac-southindia;migrationStage=NotStarted}
{"logTime": "0530/154422", "correlationVector":"/sFtQ+p3BreM+UnUbXdfUj.1","action":"SyncServerConnectionManagerRequest", "result":"SYNC_SERVER_OK", "context":{"environment":"Prod_southindia_prod-s01-004-apac-southindia", "migrationStage":"NotStarted", "server":"akswtt10500001z"}}
{"logTime": "0530/154422", "correlationVector":"/sFtQ+p3BreM+UnUbXdfUj.2","action":"ProcessGetUpdates", "result":"Done", "context":{"dataType":"Encryption Keys", "deleted":"0", "process_failed_to_decrypt":"0", "process_pending_decryption":"0", "process_success":"1", "total":"1"}}
{"logTime": "0530/154424", "correlationVector":"DSXN+abBYXoaMhGgQgfvqM","action":"SyncServerConnectionManagerRequest", "result":"SYNC_SERVER_OK", "context":{"environment":"", "migrationStage":"", "server":""}}
{"logTime": "0530/154424", "correlationVector":"DSXN+abBYXoaMhGgQgfvqM.0","action":"EncryptionKeysFetcher.DownloadKeys:", "result":"Success", "context":Key count: 7, Last key timestamp: 2026-01-02T16:11:34Z}
{"logTime": "0530/154424", "correlationVector":"DSXN+abBYXoaMhGgQgfvqM.1","action":"EncryptionKeysManager::SetEncryptionKeys:", "result":"Success", "context":Key names[7]:[SqHSnXUHXb6saCyw1QjYAeYpzvRJ/J0vygKkwZIN4CCgcTXfVW2yb1XwK6Y8WAHDMyHgF42VMmXyRIkV0jpcgA==][QrLloh4YHUg+S5KXyAtOPYRumiFqUiKisHm17Swl/HMYwT2ryzLT+G7YVPRYnEE3hOJ2IEqInzSlFij5EFUWMQ==][gQqTSZ4jjL3IIyTRaad0XcJCjlBuFm64+xSdIrolQeKWIPiO66sW2ee7oMdiCmxON3xDXmVD5cEgazuO1RCfBA==][wSYRKiY3Gy+HLWoihSysn2YFiWFoJSuu2TLhmzFIZCi/KVDg8CmiIxvafj97eZweGPGWm0pwaWHXoqq6svSH3Q==][JTZc1fAMfMMVYWKTQXUWd/FOAdw4rDFeL+C4XMnbKBXYQI2I918iyDPXPIetjPFRIRzhgXJafZcHiZUfDh2+xA==][peosBfaJBAE0qmBaRrWo6Vs3AcBZDwQpTxk+UNLsKcDbA5Jo5XRTyx3DfZpSbA0WmaXVFUAalrlN6B1wIHtm8Q==][AYovSn7TCjvk+KB7zJuHMmWkTxa7nN6cyJtH7iI5Hpel2Kbt+sZOWNY4lTmnKu1BXHdMOVozXvEHjoqb2yjDNg==]}
{"logTime": "0530/154424", "correlationVector":"DSXN+abBYXoaMhGgQgfvqM.2","action":"EncryptionKeysManager::SetEncryptionKeysWithTimestamps:", "result":"Success", "context":Key timestamps[7]:[2021-12-13T05:54:17Z][2022-06-16T03:10:48Z][2023-05-21T13:59:12Z][2025-04-09T01:16:54Z][2025-10-09T09:44:41Z][2025-12-28T02:47:22Z][2026-01-02T16:11:34Z]}
{"logTime": "0530/154424", "correlationVector":"/sFtQ+p3BreM+UnUbXdfUj","action":"Initial GetUpdates", "result":"", "context":Reason: NEW_CLIENT. cV=/sFtQ+p3BreM+UnUbXdfUj}
{"logTime": "0530/154424", "correlationVector":"/sFtQ+p3BreM+UnUbXdfUj.3","action":"GetUpdates Response", "result":"Success", "context":Received 1 update(s). cV=/sFtQ+p3BreM+UnUbXdfUj.0;server=akswtt10500001z;cloudType=Consumer;environment=Prod_southindia_prod-s01-004-apac-southindia;migrationStage=NotStarted}
{"logTime": "0530/154424", "correlationVector":"1dvh6Xht23EF/3W2M1O7DX","action":"Initial GetUpdates", "result":"", "context":Reason: NEWLY_SUPPORTED_DATATYPE. cV=1dvh6Xht23EF/3W2M1O7DX}
{"logTime": "0530/154424", "correlationVector":"1dvh6Xht23EF/3W2M1O7DX.1","action":"SyncServerConnectionManagerRequest", "result":"SYNC_SERVER_OK", "context":{"environment":"Prod_southindia_prod-s01-004-apac-southindia", "migrationStage":"NotStarted", "server":"akswtt10500002u"}}
{"logTime": "0530/154424", "correlationVector":"1dvh6Xht23EF/3W2M1O7DX.2","action":"ProcessGetUpdates", "result":"Done", "context":{"dataType":"Preferences", "deleted":"0", "process_failed_to_decrypt":"0", "process_pending_decryption":"0", "process_success":"65", "total":"65"}}
{"logTime": "0530/154424", "correlationVector":"1dvh6Xht23EF/3W2M1O7DX.3","action":"ProcessGetUpdates", "result":"Done", "context":{"dataType":"Passwords", "deleted":"0", "process_failed_to_decrypt":"0", "process_pending_decryption":"0", "process_success":"12", "total":"12"}}
{"logTime": "0530/154424", "correlationVector":"1dvh6Xht23EF/3W2M1O7DX.4","action":"ProcessGetUpdates", "result":"Done", "context":{"dataType":"Device Info", "deleted":"0", "process_failed_to_decrypt":"0", "process_pending_decryption":"0", "process_success":"20", "total":"20"}}
{"logTime": "0530/154424", "correlationVector":"1dvh6Xht23EF/3W2M1O7DX.5","action":"GetUpdates Response", "result":"Success", "context":Received 97 update(s). cV=1dvh6Xht23EF/3W2M1O7DX.0;server=akswtt10500002u;cloudType=Consumer;environment=Prod_southindia_prod-s01-004-apac-southindia;migrationStage=NotStarted}
{"logTime": "0530/154424", "correlationVector":"I/mhy4a91p4Bgh37boBbZ+","action":"Initial GetUpdates", "result":"", "context":Reason: NEWLY_SUPPORTED_DATATYPE. cV=I/mhy4a91p4Bgh37boBbZ+}
{"logTime": "0530/154424", "correlationVector":"I/mhy4a91p4Bgh37boBbZ+.1","action":"SyncServerConnectionManagerRequest", "result":"SYNC_SERVER_OK", "context":{"environment":"Prod_southindia_prod-s01-004-apac-southindia", "migrationStage":"NotStarted", "server":"akswtt10500002d"}}
{"logTime": "0530/154424", "correlationVector":"I/mhy4a91p4Bgh37boBbZ+.2","action":"ProcessGetUpdates", "result":"Done", "context":{"dataType":"Bookmarks", "deleted":"0", "process_failed_to_decrypt":"0", "process_pending_decryption":"0", "process_success":"6", "total":"6"}}
{"logTime": "0530/154424", "correlationVector":"I/mhy4a91p4Bgh37boBbZ+.3","action":"GetUpdates Response", "result":"Success", "context":Received 6 update(s). cV=I/mhy4a91p4Bgh37boBbZ+.0;server=akswtt10500002d;cloudType=Consumer;environment=Prod_southindia_prod-s01-004-apac-southindia;migrationStage=NotStarted}
{"logTime": "0530/154424", "correlationVector":"RGDwXrKL0TQ9gMHPI4Pu11","action":"Initial GetUpdates", "result":"", "context":Reason: NEWLY_SUPPORTED_DATATYPE. cV=RGDwXrKL0TQ9gMHPI4Pu11}
{"logTime": "0530/154424", "correlationVector":"RGDwXrKL0TQ9gMHPI4Pu11.1","action":"SyncServerConnectionManagerRequest", "result":"SYNC_SERVER_OK", "context":{"environment":"Prod_southindia_prod-s01-004-apac-southindia", "migrationStage":"NotStarted", "server":"akswtt10500002p"}}
{"logTime": "0530/154424", "correlationVector":"RGDwXrKL0TQ9gMHPI4Pu11.2","action":"ProcessGetUpdates", "result":"Done", "context":{"dataType":"Autofill Profiles", "deleted":"1", "process_failed_to_decrypt":"0", "process_pending_decryption":"0", "process_success":"9", "total":"9"}}
{"logTime": "0530/154424", "correlationVector":"RGDwXrKL0TQ9gMHPI4Pu11.3","action":"ProcessGetUpdates", "result":"Done", "context":{"dataType":"Autofill", "deleted":"0", "process_failed_to_decrypt":"0", "process_pending_decryption":"0", "process_success":"41", "total":"41"}}
{"logTime": "0530/154424", "correlationVector":"RGDwXrKL0TQ9gMHPI4Pu11.4","action":"ProcessGetUpdates", "result":"Done", "context":{"dataType":"Sessions", "deleted":"53", "process_failed_to_decrypt":"0", "process_pending_decryption":"0", "process_success":"62", "total":"62"}}
{"logTime": "0530/154424", "correlationVector":"RGDwXrKL0TQ9gMHPI4Pu11.5","action":"ProcessGetUpdates", "result":"Done", "context":{"dataType":"Edge Hub App Usage", "deleted":"6", "process_failed_to_decrypt":"0", "process_pending_decryption":"0", "process_success":"10", "total":"10"}}
{"logTime": "0530/154424", "correlationVector":"RGDwXrKL0TQ9gMHPI4Pu11.6","action":"GetUpdates Response", "result":"Success", "context":Received 122 update(s). cV=RGDwXrKL0TQ9gMHPI4Pu11.0;server=akswtt10500002p;cloudType=Consumer;environment=Prod_southindia_prod-s01-004-apac-southindia;migrationStage=NotStarted}
{"logTime": "0530/154424", "correlationVector":"cmxGK4JYW+1ruyGceA9BKA","action":"Initial GetUpdates", "result":"", "context":Reason: NEWLY_SUPPORTED_DATATYPE. cV=cmxGK4JYW+1ruyGceA9BKA}
{"logTime": "0530/154425", "correlationVector":"cmxGK4JYW+1ruyGceA9BKA.1","action":"SyncServerConnectionManagerRequest", "result":"SYNC_SERVER_OK", "context":{"environment":"Prod_southindia_prod-s01-004-apac-southindia", "migrationStage":"NotStarted", "server":"akswtt10500001j"}}
{"logTime": "0530/154425", "correlationVector":"cmxGK4JYW+1ruyGceA9BKA.2","action":"ProcessGetUpdates", "result":"Done", "context":{"dataType":"History", "deleted":"0", "process_failed_to_decrypt":"0", "process_pending_decryption":"0", "process_success":"250", "total":"250"}}
{"logTime": "0530/154425", "correlationVector":"cmxGK4JYW+1ruyGceA9BKA.3","action":"GetUpdates Response", "result":"Success", "context":Received 250 update(s). cV=cmxGK4JYW+1ruyGceA9BKA.0;server=akswtt10500001j;cloudType=Consumer;environment=Prod_southindia_prod-s01-004-apac-southindia;migrationStage=NotStarted Some updates remain.}
{"logTime": "0530/154425", "correlationVector":"fjICQwqQpvNswzvpRJJFBM","action":"Initial GetUpdates", "result":"", "context":Reason: NEWLY_SUPPORTED_DATATYPE. cV=fjICQwqQpvNswzvpRJJFBM}
{"logTime": "0530/154425", "correlationVector":"fjICQwqQpvNswzvpRJJFBM.1","action":"SyncServerConnectionManagerRequest", "result":"SYNC_SERVER_OK", "context":{"environment":"Prod_southindia_prod-s01-004-apac-southindia", "migrationStage":"NotStarted", "server":"akswtt10500002u"}}
{"logTime": "0530/154425", "correlationVector":"fjICQwqQpvNswzvpRJJFBM.2","action":"GetUpdates Response", "result":"Success", "context":Received 0 update(s). cV=fjICQwqQpvNswzvpRJJFBM.0;server=akswtt10500002u;cloudType=Consumer;environment=Prod_southindia_prod-s01-004-apac-southindia;migrationStage=NotStarted}
{"logTime": "0530/154425", "correlationVector":"Sgt4nySn+oC7MXt0eMvBfA","action":"Normal GetUpdate request", "result":"", "context":cV=Sgt4nySn+oC7MXt0eMvBfA
Nudged types: Sessions, Device Info
Refresh requested types: Bookmarks, Preferences, Passwords, Autofill Profiles, Autofill, Extensions, Sessions, Extension settings, History Delete Directives, Device Info, User Consents, Send Tab To Self, Web Apps, History, Saved Tab Group, WebAuthn Credentials, Collection, Edge E Drop, Edge Hub App Usage, Edge Wallet, Edge Workspace, Encryption Keys}
{"logTime": "0530/154425", "correlationVector":"Sgt4nySn+oC7MXt0eMvBfA.1","action":"SyncServerConnectionManagerRequest", "result":"SYNC_SERVER_OK", "context":{"environment":"Prod_southindia_prod-s01-004-apac-southindia", "migrationStage":"NotStarted", "server":"akswtt105000005"}}
{"logTime": "0530/154425", "correlationVector":"Sgt4nySn+oC7MXt0eMvBfA.2","action":"GetUpdates Response", "result":"Success", "context":Received 0 update(s). cV=Sgt4nySn+oC7MXt0eMvBfA.0;server=akswtt105000005;cloudType=Consumer;environment=Prod_southindia_prod-s01-004-apac-southindia;migrationStage=NotStarted}
{"logTime": "0530/154425", "correlationVector":"3b7YUb/cWucbv5CQs7RMu9","action":"Commit Request", "result":"", "context":Item count: 3
Contributing types: Sessions, Device Info}
{"logTime": "0530/154426", "correlationVector":"3b7YUb/cWucbv5CQs7RMu9.1","action":"SyncServerConnectionManagerRequest", "result":"SYNC_SERVER_OK", "context":{"environment":"Prod_southindia_prod-s01-004-apac-southindia", "migrationStage":"NotStarted", "server":"akswtt10500001z"}}
{"logTime": "0530/154426", "correlationVector":"3b7YUb/cWucbv5CQs7RMu9.2","action":"Commit Response", "result":"Success", "context":Result: Success. cV=3b7YUb/cWucbv5CQs7RMu9.0;server=akswtt10500001z;cloudType=Consumer;environment=Prod_southindia_prod-s01-004-apac-southindia;migrationStage=NotStarted}
{"logTime": "0530/154430", "correlationVector":"81pyOqw274FOiOduLDk/GW","action":"Commit Request", "result":"", "context":Item count: 12
Contributing types: Preferences, Passwords}
{"logTime": "0530/154430", "correlationVector":"81pyOqw274FOiOduLDk/GW.1","action":"SyncServerConnectionManagerRequest", "result":"SYNC_SERVER_OK", "context":{"environment":"Prod_southindia_prod-s01-004-apac-southindia", "migrationStage":"NotStarted", "server":"akswtt10500002p"}}
{"logTime": "0530/154430", "correlationVector":"81pyOqw274FOiOduLDk/GW.2","action":"Commit Response", "result":"Success", "context":Result: Success. cV=81pyOqw274FOiOduLDk/GW.0;server=akswtt10500002p;cloudType=Consumer;environment=Prod_southindia_prod-s01-004-apac-southindia;migrationStage=NotStarted}
{"logTime": "0530/154537", "correlationVector":"v1stQH2urIQensIuxPJbZx","action":"Commit Request", "result":"", "context":Item count: 3
Contributing types: Sessions, History}
{"logTime": "0530/154537", "correlationVector":"v1stQH2urIQensIuxPJbZx.1","action":"SyncServerConnectionManagerRequest", "result":"SYNC_SERVER_OK", "context":{"environment":"Prod_southindia_prod-s01-004-apac-southindia", "migrationStage":"NotStarted", "server":"akswtt10500002e"}}
{"logTime": "0530/154537", "correlationVector":"v1stQH2urIQensIuxPJbZx.2","action":"Commit Response", "result":"Success", "context":Result: Success. cV=v1stQH2urIQensIuxPJbZx.0;server=akswtt10500002e;cloudType=Consumer;environment=Prod_southindia_prod-s01-004-apac-southindia;migrationStage=NotStarted}
{"logTime": "0531/011437", "correlationVector":"dxAjbhR8YlKG6Mi11wTfmb","action":"Poll GetUpdate request", "result":"", "context":cV=dxAjbhR8YlKG6Mi11wTfmb}
{"logTime": "0531/011444", "correlationVector":"dxAjbhR8YlKG6Mi11wTfmb.1","action":"SyncServerConnectionManagerRequest", "result":"SYNC_AUTH_ERROR", "context":{"environment":"Prod_southindia_prod-s01-004-apac-southindia", "migrationStage":"NotStarted", "server":"akswtt10500002r"}}
{"logTime": "0531/011444", "correlationVector":"dxAjbhR8YlKG6Mi11wTfmb.2","action":"GetUpdates Response", "result":"HTTP error (401)", "context":Received error: HTTP error (401). cV=dxAjbhR8YlKG6Mi11wTfmb.0;server=akswtt10500002r;cloudType=Undetermined;environment=Prod_southindia_prod-s01-004-apac-southindia;migrationStage=NotStarted}
{"logTime": "0531/011446", "correlationVector":"PYyHTInxSpTUMQx8bXpNOS","action":"Commit Request", "result":"", "context":Item count: 1
Contributing types: Sessions}
{"logTime": "0531/011446", "correlationVector":"PYyHTInxSpTUMQx8bXpNOS.1","action":"SyncServerConnectionManagerRequest", "result":"SYNC_SERVER_OK", "context":{"environment":"Prod_southindia_prod-s01-004-apac-southindia", "migrationStage":"NotStarted", "server":"akswtt10500001e"}}
{"logTime": "0531/011446", "correlationVector":"PYyHTInxSpTUMQx8bXpNOS.2","action":"Commit Response", "result":"Success", "context":Result: Success. cV=PYyHTInxSpTUMQx8bXpNOS.0;server=akswtt10500001e;cloudType=Consumer;environment=Prod_southindia_prod-s01-004-apac-southindia;migrationStage=NotStarted}
{"logTime": "0531/011446", "correlationVector":"IBaQav9YOI1PwgI4jkrPv3","action":"Poll GetUpdate request", "result":"", "context":cV=IBaQav9YOI1PwgI4jkrPv3}
{"logTime": "0531/011447", "correlationVector":"IBaQav9YOI1PwgI4jkrPv3.1","action":"SyncServerConnectionManagerRequest", "result":"SYNC_SERVER_OK", "context":{"environment":"Prod_southindia_prod-s01-004-apac-southindia", "migrationStage":"NotStarted", "server":"akswtt10500002t"}}
{"logTime": "0531/011447", "correlationVector":"IBaQav9YOI1PwgI4jkrPv3.2","action":"ProcessGetUpdates", "result":"Done", "context":{"dataType":"Preferences", "deleted":"0", "process_failed_to_decrypt":"0", "process_pending_decryption":"0", "process_success":"1", "total":"1"}}
{"logTime": "0531/011447", "correlationVector":"IBaQav9YOI1PwgI4jkrPv3.3","action":"ProcessGetUpdates", "result":"Done", "context":{"dataType":"Passwords", "deleted":"0", "process_failed_to_decrypt":"0", "process_pending_decryption":"0", "process_success":"11", "total":"11"}}
{"logTime": "0531/011447", "correlationVector":"IBaQav9YOI1PwgI4jkrPv3.4","action":"ProcessGetUpdates", "result":"Done", "context":{"dataType":"Sessions", "deleted":"0", "process_failed_to_decrypt":"0", "process_pending_decryption":"0", "process_success":"2", "total":"2"}}
{"logTime": "0531/011447", "correlationVector":"IBaQav9YOI1PwgI4jkrPv3.5","action":"ProcessGetUpdates", "result":"Done", "context":{"dataType":"Device Info", "deleted":"0", "process_failed_to_decrypt":"0", "process_pending_decryption":"0", "process_success":"1", "total":"1"}}
{"logTime": "0531/011447", "correlationVector":"IBaQav9YOI1PwgI4jkrPv3.6","action":"ProcessGetUpdates", "result":"Done", "context":{"dataType":"History", "deleted":"0", "process_failed_to_decrypt":"0", "process_pending_decryption":"0", "process_success":"2", "total":"2"}}
{"logTime": "0531/011447", "correlationVector":"IBaQav9YOI1PwgI4jkrPv3.7","action":"GetUpdates Response", "result":"Success", "context":Received 17 update(s). cV=IBaQav9YOI1PwgI4jkrPv3.0;server=akswtt10500002t;cloudType=Consumer;environment=Prod_southindia_prod-s01-004-apac-southindia;migrationStage=NotStarted}
{"logTime": "0531/065449", "correlationVector":"2pMzg1ezW1QZ/RQagztQ54.1","action":"SyncServerConnectionManagerRequest", "result":"SYNC_SERVER_OK", "context":{"environment":"Prod_southindia_prod-s01-004-apac-southindia", "migrationStage":"NotStarted", "server":"akswtt10500001x"}}
{"logTime": "0531/065449", "correlationVector":"2pMzg1ezW1QZ/RQagztQ54.2","action":"ProcessGetUpdates", "result":"Done", "context":{"dataType":"Encryption Keys", "deleted":"0", "process_failed_to_decrypt":"0", "process_pending_decryption":"0", "process_success":"1", "total":"1"}}
{"logTime": "0531/065449", "correlationVector":"5kTpXtfjaskQsB7tklKVl4","action":"SyncServerConnectionManagerRequest", "result":"SYNC_SERVER_OK", "context":{"environment":"", "migrationStage":"", "server":""}}
{"logTime": "0531/065449", "correlationVector":"5kTpXtfjaskQsB7tklKVl4.0","action":"EncryptionKeysFetcher.DownloadKeys:", "result":"Success", "context":Key count: 7, Last key timestamp: 2026-01-02T16:11:34Z}
{"logTime": "0531/065449", "correlationVector":"5kTpXtfjaskQsB7tklKVl4.1","action":"EncryptionKeysManager::SetEncryptionKeys:", "result":"Success", "context":Key names[7]:[SqHSnXUHXb6saCyw1QjYAeYpzvRJ/J0vygKkwZIN4CCgcTXfVW2yb1XwK6Y8WAHDMyHgF42VMmXyRIkV0jpcgA==][QrLloh4YHUg+S5KXyAtOPYRumiFqUiKisHm17Swl/HMYwT2ryzLT+G7YVPRYnEE3hOJ2IEqInzSlFij5EFUWMQ==][gQqTSZ4jjL3IIyTRaad0XcJCjlBuFm64+xSdIrolQeKWIPiO66sW2ee7oMdiCmxON3xDXmVD5cEgazuO1RCfBA==][wSYRKiY3Gy+HLWoihSysn2YFiWFoJSuu2TLhmzFIZCi/KVDg8CmiIxvafj97eZweGPGWm0pwaWHXoqq6svSH3Q==][JTZc1fAMfMMVYWKTQXUWd/FOAdw4rDFeL+C4XMnbKBXYQI2I918iyDPXPIetjPFRIRzhgXJafZcHiZUfDh2+xA==][peosBfaJBAE0qmBaRrWo6Vs3AcBZDwQpTxk+UNLsKcDbA5Jo5XRTyx3DfZpSbA0WmaXVFUAalrlN6B1wIHtm8Q==][AYovSn7TCjvk+KB7zJuHMmWkTxa7nN6cyJtH7iI5Hpel2Kbt+sZOWNY4lTmnKu1BXHdMOVozXvEHjoqb2yjDNg==]}
{"logTime": "0531/065449", "correlationVector":"5kTpXtfjaskQsB7tklKVl4.2","action":"EncryptionKeysManager::SetEncryptionKeysWithTimestamps:", "result":"Success", "context":Key timestamps[7]:[2021-12-13T05:54:17Z][2022-06-16T03:10:48Z][2023-05-21T13:59:12Z][2025-04-09T01:16:54Z][2025-10-09T09:44:41Z][2025-12-28T02:47:22Z][2026-01-02T16:11:34Z]}
{"logTime": "0531/065449", "correlationVector":"2pMzg1ezW1QZ/RQagztQ54","action":"Initial GetUpdates", "result":"", "context":Reason: NEW_CLIENT. cV=2pMzg1ezW1QZ/RQagztQ54}
{"logTime": "0531/065449", "correlationVector":"2pMzg1ezW1QZ/RQagztQ54.3","action":"GetUpdates Response", "result":"Success", "context":Received 1 update(s). cV=2pMzg1ezW1QZ/RQagztQ54.0;server=akswtt10500001x;cloudType=Consumer;environment=Prod_southindia_prod-s01-004-apac-southindia;migrationStage=NotStarted}
{"logTime": "0531/065449", "correlationVector":"XXzCpmQz4jx5ml3B6/dEnK","action":"Initial GetUpdates", "result":"", "context":Reason: NEWLY_SUPPORTED_DATATYPE. cV=XXzCpmQz4jx5ml3B6/dEnK}
{"logTime": "0531/065450", "correlationVector":"XXzCpmQz4jx5ml3B6/dEnK.1","action":"SyncServerConnectionManagerRequest", "result":"SYNC_SERVER_OK", "context":{"environment":"Prod_southindia_prod-s01-004-apac-southindia", "migrationStage":"NotStarted", "server":"akswtt10500001x"}}
{"logTime": "0531/065450", "correlationVector":"XXzCpmQz4jx5ml3B6/dEnK.2","action":"ProcessGetUpdates", "result":"Done", "context":{"dataType":"Passwords", "deleted":"0", "process_failed_to_decrypt":"0", "process_pending_decryption":"0", "process_success":"12", "total":"12"}}
{"logTime": "0531/065450", "correlationVector":"XXzCpmQz4jx5ml3B6/dEnK.3","action":"GetUpdates Response", "result":"Success", "context":Received 12 update(s). cV=XXzCpmQz4jx5ml3B6/dEnK.0;server=akswtt10500001x;cloudType=Consumer;environment=Prod_southindia_prod-s01-004-apac-southindia;migrationStage=NotStarted}
{"logTime": "0531/065450", "correlationVector":"dyszwmmlbgHIexH/bSNHoY","action":"Normal GetUpdate request", "result":"", "context":cV=dyszwmmlbgHIexH/bSNHoY
Nudged types: Sessions, History
Refresh requested types: Bookmarks, Preferences, Passwords, Autofill Profiles, Autofill, Extensions, Sessions, Extension settings, History Delete Directives, Device Info, User Consents, Send Tab To Self, Web Apps, History, Saved Tab Group, WebAuthn Credentials, Collection, Edge E Drop, Edge Hub App Usage, Edge Wallet, Edge Workspace, Encryption Keys}
{"logTime": "0531/065450", "correlationVector":"dyszwmmlbgHIexH/bSNHoY.1","action":"SyncServerConnectionManagerRequest", "result":"SYNC_SERVER_OK", "context":{"environment":"Prod_southindia_prod-s01-004-apac-southindia", "migrationStage":"NotStarted", "server":"akswtt105000030"}}
{"logTime": "0531/065450", "correlationVector":"dyszwmmlbgHIexH/bSNHoY.2","action":"ProcessGetUpdates", "result":"Done", "context":{"dataType":"Preferences", "deleted":"0", "process_failed_to_decrypt":"0", "process_pending_decryption":"0", "process_success":"1", "total":"1"}}
{"logTime": "0531/065450", "correlationVector":"dyszwmmlbgHIexH/bSNHoY.3","action":"ProcessGetUpdates", "result":"Done", "context":{"dataType":"Device Info", "deleted":"0", "process_failed_to_decrypt":"0", "process_pending_decryption":"0", "process_success":"1", "total":"1"}}
{"logTime": "0531/065450", "correlationVector":"dyszwmmlbgHIexH/bSNHoY.4","action":"GetUpdates Response", "result":"Success", "context":Received 2 update(s). cV=dyszwmmlbgHIexH/bSNHoY.0;server=akswtt105000030;cloudType=Consumer;environment=Prod_southindia_prod-s01-004-apac-southindia;migrationStage=NotStarted}
{"logTime": "0531/065450", "correlationVector":"SKlUcyc2wJyxTaCS8EMHCg","action":"Commit Request", "result":"", "context":Item count: 5
Contributing types: Sessions, History}
{"logTime": "0531/065450", "correlationVector":"SKlUcyc2wJyxTaCS8EMHCg.1","action":"SyncServerConnectionManagerRequest", "result":"SYNC_SERVER_OK", "context":{"environment":"Prod_southindia_prod-s01-004-apac-southindia", "migrationStage":"NotStarted", "server":"akswtt10500002l"}}
{"logTime": "0531/065450", "correlationVector":"SKlUcyc2wJyxTaCS8EMHCg.3","action":"Commit.Sessions", "result":"Success", "context":{"id":"8a2f9fe9-df82-42a5-aa64-e10c67713239", "isDeleted":"true", "size":"0", "version":"1780190086859"}}
{"logTime": "0531/065450", "correlationVector":"SKlUcyc2wJyxTaCS8EMHCg.2","action":"Commit Response", "result":"Success", "context":Result: Success. cV=SKlUcyc2wJyxTaCS8EMHCg.0;server=akswtt10500002l;cloudType=Consumer;environment=Prod_southindia_prod-s01-004-apac-southindia;migrationStage=NotStarted}
{"logTime": "0531/065454", "correlationVector":"IpbkYn6qq4xmTJ51vg4Vhe","action":"Commit Request", "result":"", "context":Item count: 12
Contributing types: Preferences, Passwords}
{"logTime": "0531/065455", "correlationVector":"IpbkYn6qq4xmTJ51vg4Vhe.1","action":"SyncServerConnectionManagerRequest", "result":"SYNC_SERVER_OK", "context":{"environment":"Prod_southindia_prod-s01-004-apac-southindia", "migrationStage":"NotStarted", "server":"akswtt105000030"}}
{"logTime": "0531/065455", "correlationVector":"IpbkYn6qq4xmTJ51vg4Vhe.2","action":"Commit Response", "result":"Success", "context":Result: Success. cV=IpbkYn6qq4xmTJ51vg4Vhe.0;server=akswtt105000030;cloudType=Consumer;environment=Prod_southindia_prod-s01-004-apac-southindia;migrationStage=NotStarted}
{"logTime": "0531/065556", "correlationVector":"X9to8pqy295b/5HSUn8RNX","action":"Commit Request", "result":"", "context":Item count: 2
Contributing types: Sessions, History}
{"logTime": "0531/065556", "correlationVector":"X9to8pqy295b/5HSUn8RNX.1","action":"SyncServerConnectionManagerRequest", "result":"SYNC_SERVER_OK", "context":{"environment":"Prod_southindia_prod-s01-004-apac-southindia", "migrationStage":"NotStarted", "server":"akswtt10500001s"}}
{"logTime": "0531/065556", "correlationVector":"X9to8pqy295b/5HSUn8RNX.2","action":"Commit Response", "result":"Success", "context":Result: Success. cV=X9to8pqy295b/5HSUn8RNX.0;server=akswtt10500001s;cloudType=Consumer;environment=Prod_southindia_prod-s01-004-apac-southindia;migrationStage=NotStarted}
{"logTime": "0531/065649", "correlationVector":"8pWOVHdogP4RNmLXMytreM","action":"Commit Request", "result":"", "context":Item count: 4
Contributing types: Sessions, Device Info, History}
{"logTime": "0531/065649", "correlationVector":"8pWOVHdogP4RNmLXMytreM.1","action":"SyncServerConnectionManagerRequest", "result":"SYNC_SERVER_OK", "context":{"environment":"Prod_southindia_prod-s01-004-apac-southindia", "migrationStage":"NotStarted", "server":"akswtt105000030"}}
{"logTime": "0531/065649", "correlationVector":"8pWOVHdogP4RNmLXMytreM.2","action":"Commit Response", "result":"Success", "context":Result: Success. cV=8pWOVHdogP4RNmLXMytreM.0;server=akswtt105000030;cloudType=Consumer;environment=Prod_southindia_prod-s01-004-apac-southindia;migrationStage=NotStarted}
{"logTime": "0531/065804", "correlationVector":"NW4zRgsEWQClLbDkCYEAMr","action":"Commit Request", "result":"", "context":Item count: 3
Contributing types: Sessions, History}
{"logTime": "0531/065805", "correlationVector":"NW4zRgsEWQClLbDkCYEAMr.1","action":"SyncServerConnectionManagerRequest", "result":"SYNC_SERVER_OK", "context":{"environment":"Prod_southindia_prod-s01-004-apac-southindia", "migrationStage":"NotStarted", "server":"akswtt10500001s"}}
{"logTime": "0531/065805", "correlationVector":"NW4zRgsEWQClLbDkCYEAMr.2","action":"Commit Response", "result":"Success", "context":Result: Success. cV=NW4zRgsEWQClLbDkCYEAMr.0;server=akswtt10500001s;cloudType=Consumer;environment=Prod_southindia_prod-s01-004-apac-southindia;migrationStage=NotStarted}
{"logTime": "0531/070242", "correlationVector":"qN/acQOXNEM6WVU2Z6kzIv","action":"Commit Request", "result":"", "context":Item count: 5
Contributing types: Sessions, History}
{"logTime": "0531/070242", "correlationVector":"qN/acQOXNEM6WVU2Z6kzIv.1","action":"SyncServerConnectionManagerRequest", "result":"SYNC_SERVER_OK", "context":{"environment":"Prod_southindia_prod-s01-004-apac-southindia", "migrationStage":"NotStarted", "server":"akswtt10500002q"}}
{"logTime": "0531/070242", "correlationVector":"qN/acQOXNEM6WVU2Z6kzIv.2","action":"Commit Response", "result":"Success", "context":Result: Success. cV=qN/acQOXNEM6WVU2Z6kzIv.0;server=akswtt10500002q;cloudType=Consumer;environment=Prod_southindia_prod-s01-004-apac-southindia;migrationStage=NotStarted}
{"logTime": "0531/071709", "correlationVector":"NbVjrQpYK1LMCpU4N3icev.1","action":"SyncServerConnectionManagerRequest", "result":"SYNC_SERVER_OK", "context":{"environment":"Prod_southindia_prod-s01-004-apac-southindia", "migrationStage":"NotStarted", "server":"akswtt10500000y"}}
{"logTime": "0531/071709", "correlationVector":"NbVjrQpYK1LMCpU4N3icev.2","action":"ProcessGetUpdates", "result":"Done", "context":{"dataType":"Encryption Keys", "deleted":"0", "process_failed_to_decrypt":"0", "process_pending_decryption":"0", "process_success":"1", "total":"1"}}
{"logTime": "0531/071709", "correlationVector":"txTiAWcVXopFMPC2BEXvwf","action":"SyncServerConnectionManagerRequest", "result":"SYNC_SERVER_OK", "context":{"environment":"", "migrationStage":"", "server":""}}
{"logTime": "0531/071709", "correlationVector":"txTiAWcVXopFMPC2BEXvwf.0","action":"EncryptionKeysFetcher.DownloadKeys:", "result":"Success", "context":Key count: 7, Last key timestamp: 2026-01-02T16:11:34Z}
{"logTime": "0531/071709", "correlationVector":"txTiAWcVXopFMPC2BEXvwf.1","action":"EncryptionKeysManager::SetEncryptionKeys:", "result":"Success", "context":Key names[7]:[SqHSnXUHXb6saCyw1QjYAeYpzvRJ/J0vygKkwZIN4CCgcTXfVW2yb1XwK6Y8WAHDMyHgF42VMmXyRIkV0jpcgA==][QrLloh4YHUg+S5KXyAtOPYRumiFqUiKisHm17Swl/HMYwT2ryzLT+G7YVPRYnEE3hOJ2IEqInzSlFij5EFUWMQ==][gQqTSZ4jjL3IIyTRaad0XcJCjlBuFm64+xSdIrolQeKWIPiO66sW2ee7oMdiCmxON3xDXmVD5cEgazuO1RCfBA==][wSYRKiY3Gy+HLWoihSysn2YFiWFoJSuu2TLhmzFIZCi/KVDg8CmiIxvafj97eZweGPGWm0pwaWHXoqq6svSH3Q==][JTZc1fAMfMMVYWKTQXUWd/FOAdw4rDFeL+C4XMnbKBXYQI2I918iyDPXPIetjPFRIRzhgXJafZcHiZUfDh2+xA==][peosBfaJBAE0qmBaRrWo6Vs3AcBZDwQpTxk+UNLsKcDbA5Jo5XRTyx3DfZpSbA0WmaXVFUAalrlN6B1wIHtm8Q==][AYovSn7TCjvk+KB7zJuHMmWkTxa7nN6cyJtH7iI5Hpel2Kbt+sZOWNY4lTmnKu1BXHdMOVozXvEHjoqb2yjDNg==]}
{"logTime": "0531/071709", "correlationVector":"txTiAWcVXopFMPC2BEXvwf.2","action":"EncryptionKeysManager::SetEncryptionKeysWithTimestamps:", "result":"Success", "context":Key timestamps[7]:[2021-12-13T05:54:17Z][2022-06-16T03:10:48Z][2023-05-21T13:59:12Z][2025-04-09T01:16:54Z][2025-10-09T09:44:41Z][2025-12-28T02:47:22Z][2026-01-02T16:11:34Z]}
{"logTime": "0531/071709", "correlationVector":"NbVjrQpYK1LMCpU4N3icev","action":"Initial GetUpdates", "result":"", "context":Reason: NEW_CLIENT. cV=NbVjrQpYK1LMCpU4N3icev}
{"logTime": "0531/071709", "correlationVector":"NbVjrQpYK1LMCpU4N3icev.3","action":"GetUpdates Response", "result":"Success", "context":Received 1 update(s). cV=NbVjrQpYK1LMCpU4N3icev.0;server=akswtt10500000y;cloudType=Consumer;environment=Prod_southindia_prod-s01-004-apac-southindia;migrationStage=NotStarted}
{"logTime": "0531/071709", "correlationVector":"Re4VsZrQiKc5V1SD2C/9IA","action":"Initial GetUpdates", "result":"", "context":Reason: NEWLY_SUPPORTED_DATATYPE. cV=Re4VsZrQiKc5V1SD2C/9IA}
{"logTime": "0531/071709", "correlationVector":"Re4VsZrQiKc5V1SD2C/9IA.1","action":"SyncServerConnectionManagerRequest", "result":"SYNC_SERVER_OK", "context":{"environment":"Prod_southindia_prod-s01-004-apac-southindia", "migrationStage":"NotStarted", "server":"akswtt10500000y"}}
{"logTime": "0531/071709", "correlationVector":"Re4VsZrQiKc5V1SD2C/9IA.2","action":"ProcessGetUpdates", "result":"Done", "context":{"dataType":"Preferences", "deleted":"0", "process_failed_to_decrypt":"0", "process_pending_decryption":"0", "process_success":"65", "total":"65"}}
{"logTime": "0531/071709", "correlationVector":"Re4VsZrQiKc5V1SD2C/9IA.3","action":"ProcessGetUpdates", "result":"Done", "context":{"dataType":"Passwords", "deleted":"0", "process_failed_to_decrypt":"0", "process_pending_decryption":"0", "process_success":"12", "total":"12"}}
{"logTime": "0531/071709", "correlationVector":"Re4VsZrQiKc5V1SD2C/9IA.4","action":"ProcessGetUpdates", "result":"Done", "context":{"dataType":"Device Info", "deleted":"0", "process_failed_to_decrypt":"0", "process_pending_decryption":"0", "process_success":"20", "total":"20"}}
{"logTime": "0531/071709", "correlationVector":"Re4VsZrQiKc5V1SD2C/9IA.5","action":"GetUpdates Response", "result":"Success", "context":Received 97 update(s). cV=Re4VsZrQiKc5V1SD2C/9IA.0;server=akswtt10500000y;cloudType=Consumer;environment=Prod_southindia_prod-s01-004-apac-southindia;migrationStage=NotStarted}
{"logTime": "0531/071709", "correlationVector":"+xWXHG1Wg4XUBoGUU0GYzS","action":"Initial GetUpdates", "result":"", "context":Reason: NEWLY_SUPPORTED_DATATYPE. cV=+xWXHG1Wg4XUBoGUU0GYzS}
{"logTime": "0531/071709", "correlationVector":"+xWXHG1Wg4XUBoGUU0GYzS.1","action":"SyncServerConnectionManagerRequest", "result":"SYNC_SERVER_OK", "context":{"environment":"Prod_southindia_prod-s01-004-apac-southindia", "migrationStage":"NotStarted", "server":"akswtt10500002u"}}
{"logTime": "0531/071709", "correlationVector":"+xWXHG1Wg4XUBoGUU0GYzS.2","action":"ProcessGetUpdates", "result":"Done", "context":{"dataType":"Bookmarks", "deleted":"0", "process_failed_to_decrypt":"0", "process_pending_decryption":"0", "process_success":"6", "total":"6"}}
{"logTime": "0531/071709", "correlationVector":"+xWXHG1Wg4XUBoGUU0GYzS.3","action":"GetUpdates Response", "result":"Success", "context":Received 6 update(s). cV=+xWXHG1Wg4XUBoGUU0GYzS.0;server=akswtt10500002u;cloudType=Consumer;environment=Prod_southindia_prod-s01-004-apac-southindia;migrationStage=NotStarted}
{"logTime": "0531/071709", "correlationVector":"qG4RSYDVtGMjD+UdFQbKjZ","action":"Initial GetUpdates", "result":"", "context":Reason: NEWLY_SUPPORTED_DATATYPE. cV=qG4RSYDVtGMjD+UdFQbKjZ}
{"logTime": "0531/071710", "correlationVector":"qG4RSYDVtGMjD+UdFQbKjZ.1","action":"SyncServerConnectionManagerRequest", "result":"SYNC_SERVER_OK", "context":{"environment":"Prod_southindia_prod-s01-004-apac-southindia", "migrationStage":"NotStarted", "server":"akswtt10500001y"}}
{"logTime": "0531/071710", "correlationVector":"qG4RSYDVtGMjD+UdFQbKjZ.2","action":"ProcessGetUpdates", "result":"Done", "context":{"dataType":"Autofill Profiles", "deleted":"1", "process_failed_to_decrypt":"0", "process_pending_decryption":"0", "process_success":"9", "total":"9"}}
{"logTime": "0531/071710", "correlationVector":"qG4RSYDVtGMjD+UdFQbKjZ.3","action":"ProcessGetUpdates", "result":"Done", "context":{"dataType":"Autofill", "deleted":"0", "process_failed_to_decrypt":"0", "process_pending_decryption":"0", "process_success":"41", "total":"41"}}
{"logTime": "0531/071710", "correlationVector":"qG4RSYDVtGMjD+UdFQbKjZ.4","action":"ProcessGetUpdates", "result":"Done", "context":{"dataType":"Sessions", "deleted":"54", "process_failed_to_decrypt":"0", "process_pending_decryption":"0", "process_success":"64", "total":"64"}}
{"logTime": "0531/071710", "correlationVector":"qG4RSYDVtGMjD+UdFQbKjZ.5","action":"ProcessGetUpdates", "result":"Done", "context":{"dataType":"Edge Hub App Usage", "deleted":"6", "process_failed_to_decrypt":"0", "process_pending_decryption":"0", "process_success":"10", "total":"10"}}
{"logTime": "0531/071710", "correlationVector":"qG4RSYDVtGMjD+UdFQbKjZ.6","action":"GetUpdates Response", "result":"Success", "context":Received 124 update(s). cV=qG4RSYDVtGMjD+UdFQbKjZ.0;server=akswtt10500001y;cloudType=Consumer;environment=Prod_southindia_prod-s01-004-apac-southindia;migrationStage=NotStarted}
{"logTime": "0531/071710", "correlationVector":"EIrB3ZVM4nWXSMKA8Q7k4I","action":"Initial GetUpdates", "result":"", "context":Reason: NEWLY_SUPPORTED_DATATYPE. cV=EIrB3ZVM4nWXSMKA8Q7k4I}
{"logTime": "0531/071710", "correlationVector":"EIrB3ZVM4nWXSMKA8Q7k4I.1","action":"SyncServerConnectionManagerRequest", "result":"SYNC_SERVER_OK", "context":{"environment":"Prod_southindia_prod-s01-004-apac-southindia", "migrationStage":"NotStarted", "server":"akswtt10500002l"}}
{"logTime": "0531/071710", "correlationVector":"EIrB3ZVM4nWXSMKA8Q7k4I.2","action":"ProcessGetUpdates", "result":"Done", "context":{"dataType":"History", "deleted":"0", "process_failed_to_decrypt":"0", "process_pending_decryption":"0", "process_success":"250", "total":"250"}}
{"logTime": "0531/071710", "correlationVector":"EIrB3ZVM4nWXSMKA8Q7k4I.3","action":"GetUpdates Response", "result":"Success", "context":Received 250 update(s). cV=EIrB3ZVM4nWXSMKA8Q7k4I.0;server=akswtt10500002l;cloudType=Consumer;environment=Prod_southindia_prod-s01-004-apac-southindia;migrationStage=NotStarted Some updates remain.}
{"logTime": "0531/071710", "correlationVector":"9sc5yLGPuaIjZB0Ktac+Ry","action":"Initial GetUpdates", "result":"", "context":Reason: NEWLY_SUPPORTED_DATATYPE. cV=9sc5yLGPuaIjZB0Ktac+Ry}
{"logTime": "0531/071710", "correlationVector":"9sc5yLGPuaIjZB0Ktac+Ry.1","action":"SyncServerConnectionManagerRequest", "result":"SYNC_SERVER_OK", "context":{"environment":"Prod_southindia_prod-s01-004-apac-southindia", "migrationStage":"NotStarted", "server":"akswtt105000010"}}
{"logTime": "0531/071710", "correlationVector":"9sc5yLGPuaIjZB0Ktac+Ry.2","action":"ProcessGetUpdates", "result":"Done", "context":{"dataType":"History", "deleted":"0", "process_failed_to_decrypt":"0", "process_pending_decryption":"0", "process_success":"16", "total":"16"}}
{"logTime": "0531/071710", "correlationVector":"9sc5yLGPuaIjZB0Ktac+Ry.3","action":"GetUpdates Response", "result":"Success", "context":Received 16 update(s). cV=9sc5yLGPuaIjZB0Ktac+Ry.0;server=akswtt105000010;cloudType=Consumer;environment=Prod_southindia_prod-s01-004-apac-southindia;migrationStage=NotStarted}
{"logTime": "0531/071710", "correlationVector":"LQSkNt5oxtp2qY0nGroY8V","action":"Normal GetUpdate request", "result":"", "context":cV=LQSkNt5oxtp2qY0nGroY8V
Nudged types: Sessions, Device Info
Refresh requested types: Bookmarks, Preferences, Passwords, Autofill Profiles, Autofill, Extensions, Sessions, Extension settings, History Delete Directives, Device Info, User Consents, Send Tab To Self, Web Apps, History, Saved Tab Group, WebAuthn Credentials, Collection, Edge E Drop, Edge Hub App Usage, Edge Wallet, Edge Workspace, Encryption Keys}
{"logTime": "0531/071710", "correlationVector":"LQSkNt5oxtp2qY0nGroY8V.1","action":"SyncServerConnectionManagerRequest", "result":"SYNC_SERVER_OK", "context":{"environment":"Prod_southindia_prod-s01-004-apac-southindia", "migrationStage":"NotStarted", "server":"akswtt10500000y"}}
{"logTime": "0531/071710", "correlationVector":"LQSkNt5oxtp2qY0nGroY8V.2","action":"GetUpdates Response", "result":"Success", "context":Received 0 update(s). cV=LQSkNt5oxtp2qY0nGroY8V.0;server=akswtt10500000y;cloudType=Consumer;environment=Prod_southindia_prod-s01-004-apac-southindia;migrationStage=NotStarted}
{"logTime": "0531/071710", "correlationVector":"i+Jwls5asWQLYVPa9BGaPy","action":"Commit Request", "result":"", "context":Item count: 3
Contributing types: Sessions, Device Info}
{"logTime": "0531/071711", "correlationVector":"i+Jwls5asWQLYVPa9BGaPy.1","action":"SyncServerConnectionManagerRequest", "result":"SYNC_SERVER_OK", "context":{"environment":"Prod_southindia_prod-s01-004-apac-southindia", "migrationStage":"NotStarted", "server":"akswtt10500001p"}}
{"logTime": "0531/071711", "correlationVector":"i+Jwls5asWQLYVPa9BGaPy.2","action":"Commit Response", "result":"Success", "context":Result: Success. cV=i+Jwls5asWQLYVPa9BGaPy.0;server=akswtt10500001p;cloudType=Consumer;environment=Prod_southindia_prod-s01-004-apac-southindia;migrationStage=NotStarted}
{"logTime": "0531/071713", "correlationVector":"n/6IlOBAi/pYfQgmyXlpq3","action":"Commit Request", "result":"", "context":Item count: 12
Contributing types: Preferences, Passwords}
{"logTime": "0531/071713", "correlationVector":"n/6IlOBAi/pYfQgmyXlpq3.1","action":"SyncServerConnectionManagerRequest", "result":"SYNC_SERVER_OK", "context":{"environment":"Prod_southindia_prod-s01-004-apac-southindia", "migrationStage":"NotStarted", "server":"akswtt10500000q"}}
{"logTime": "0531/071713", "correlationVector":"n/6IlOBAi/pYfQgmyXlpq3.2","action":"Commit Response", "result":"Success", "context":Result: Success. cV=n/6IlOBAi/pYfQgmyXlpq3.0;server=akswtt10500000q;cloudType=Consumer;environment=Prod_southindia_prod-s01-004-apac-southindia;migrationStage=NotStarted}
{"logTime": "0531/071823", "correlationVector":"3Kh/Mow4kbBG4oSE2d4GwB","action":"Commit Request", "result":"", "context":Item count: 3
Contributing types: Sessions, History}
{"logTime": "0531/071823", "correlationVector":"3Kh/Mow4kbBG4oSE2d4GwB.1","action":"SyncServerConnectionManagerRequest", "result":"SYNC_SERVER_OK", "context":{"environment":"Prod_southindia_prod-s01-004-apac-southindia", "migrationStage":"NotStarted", "server":"akswtt10500002d"}}
{"logTime": "0531/071823", "correlationVector":"3Kh/Mow4kbBG4oSE2d4GwB.2","action":"Commit Response", "result":"Success", "context":Result: Success. cV=3Kh/Mow4kbBG4oSE2d4GwB.0;server=akswtt10500002d;cloudType=Consumer;environment=Prod_southindia_prod-s01-004-apac-southindia;migrationStage=NotStarted}
